======================================================================
SDI Experiment 5 v12 — Soft-Saturation STDP (物理第一性) + Dual-G Calibration
  ★ 软饱和STDP: dw_eff = dw×(1-w/W_MAX),  W_MAX=0.9
  ★ 文献依据: Bhatt 2009 Neuron + BCM 1982
  Phase1 Adapt  : 8000步 | λ_stim=0.25 T_on=80 + 软饱和STDP
  Phase2 Decode : 2000步 | Poisson + 弱STDP + motor记录
  Phase3 Record : 30000步 | 纯BTW + 极弱STDP
  Phase2 Decode : 2000步 | Poisson + STDP(mid) + motor record
  Phase3 Record : 30000步 | BTW only + STDP(weak)
  Calibration   : κ二分法 → 尺寸校准（目标mean_size∈[5,25]）
======================================================================

[3-rules]

-> C.elegans | seed=42 | 3-rules
  [C.elegans|42] N=279 E=224 I=55 | 感觉=60 运动=108
  λ_stim=0.25 T_on=80 | 适应8000→解码2000→记录30000
    [adapt] 0/10000 σ=12.54 edges=1686 w_mean=0.183 n_act=3 t=0s
    [adapt] 4000/10000 σ=9.92 edges=1686 w_mean=0.803 n_act=6 t=3s
    [decode] 8000/10000 σ=7.77 edges=1673 w_mean=0.999 n_act=1 t=5s

  三阶段完成: edges=1654 σ=7.09 w_mean=0.999
  输出解码: 0.5213 (✓)
  ★ 稳态权重归一化: 0.999 → 0.012 (缩放0.501倍)  文献: Turrigiano 2012

  步骤1: κ校准...
    κ校准 iter=1: G=2.00050 → κ=0.9733
    ✅ G=2.00050, κ=0.9733

  步骤2: 雪崩尺寸校准...

    ★ 尺寸校准（目标mean_size∈[5,25]）
    尺寸校准 iter=1: G=2.00050 → mean_size=54.6 zero=52% n_av=28
    尺寸校准 iter=2: G=1.33367 → mean_size=6.1 zero=69% n_av=54
    ✅ 尺寸达标: G=1.33367, mean_size=6.1
  最终G=1.33367, 校准mean_size=6.1

  ★ 记录阶段（30000步，G_final=1.3337）...
    [记录] 0/30000 wave=0 σ=7.09 t=7s
    [记录] 4000/30000 wave=0 σ=7.09 t=9s
    [记录] 8000/30000 wave=0 σ=7.09 t=10s
    [记录] 12000/30000 wave=0 σ=7.09 t=11s
    [记录] 16000/30000 wave=0 σ=7.09 t=13s
    [记录] 20000/30000 wave=0 σ=7.09 t=14s
    [记录] 24000/30000 wave=7 σ=7.09 t=15s
    [记录] 28000/30000 wave=0 σ=7.09 t=16s

  雪崩统计: 零帧=57.1% max=15 mean=1.206

=================================================================
  [C.elegans|42|3r] G=1.3337 w_mean=0.999
  零帧: 57.1% ✓
  雪崩数: 2784 | 均尺寸: 13.0 | 均时长: 8.3 ✓
  多步雪崩: 100.0% ✓
  τ_size=1.748 R²=0.354 p=0.90 ✓
  τ_dur=2.090 R²=0.300 (理论=1.374 误差=52%) ✗
  τ缩放: ✗ (误差52%)
  κ=1.0949±0.470 ✓
  PSD=-1.269 R²=0.413 ✓
  解码=0.5213 ✓
  LR(PL>LN)=229.5
  得分: 7/9
  =================================================================


-> C.elegans | seed=7 | 3-rules
  [C.elegans|7] N=279 E=224 I=55 | 感觉=60 运动=108
  λ_stim=0.25 T_on=80 | 适应8000→解码2000→记录30000
    [adapt] 0/10000 σ=13.05 edges=1668 w_mean=0.184 n_act=2 t=0s
    [adapt] 4000/10000 σ=11.39 edges=1668 w_mean=0.818 n_act=3 t=3s
    [decode] 8000/10000 σ=8.43 edges=1649 w_mean=0.999 n_act=4 t=5s

  三阶段完成: edges=1631 σ=7.48 w_mean=0.999
  输出解码: 0.4907 (✓)
  ★ 稳态权重归一化: 0.999 → 0.011 (缩放0.501倍)  文献: Turrigiano 2012

  步骤1: κ校准...
    κ校准 iter=1: G=2.00050 → κ=0.9683
    ✅ G=2.00050, κ=0.9683

  步骤2: 雪崩尺寸校准...

    ★ 尺寸校准（目标mean_size∈[5,25]）
    尺寸校准 iter=1: G=2.00050 → mean_size=85.6 zero=53% n_av=19
    尺寸校准 iter=2: G=1.33367 → mean_size=13.1 zero=65% n_av=34
    ✅ 尺寸达标: G=1.33367, mean_size=13.1
  最终G=1.33367, 校准mean_size=13.1

  ★ 记录阶段（30000步，G_final=1.3337）...
    [记录] 0/30000 wave=0 σ=7.48 t=8s
    [记录] 4000/30000 wave=0 σ=7.48 t=9s
    [记录] 8000/30000 wave=4 σ=7.48 t=10s
    [记录] 12000/30000 wave=4 σ=7.48 t=12s
    [记录] 16000/30000 wave=0 σ=7.48 t=13s
    [记录] 20000/30000 wave=0 σ=7.48 t=14s
    [记录] 24000/30000 wave=0 σ=7.48 t=15s
    [记录] 28000/30000 wave=0 σ=7.48 t=17s

  雪崩统计: 零帧=58.0% max=15 mean=1.153

=================================================================
  [C.elegans|7|3r] G=1.3337 w_mean=0.999
  零帧: 58.0% ✓
  雪崩数: 2794 | 均尺寸: 12.4 | 均时长: 7.9 ✓
  多步雪崩: 100.0% ✓
  τ_size=1.796 R²=0.413 p=0.84 ✓
  τ_dur=2.034 R²=0.423 (理论=1.398 误差=46%) ✓
  τ缩放: ✗ (误差46%)
  κ=1.1133±0.493 ✓
  PSD=-1.272 R²=0.420 ✓
  解码=0.4907 ✓
  LR(PL>LN)=281.9
  得分: 8/9
  =================================================================


-> C.elegans | seed=13 | 3-rules
  [C.elegans|13] N=279 E=224 I=55 | 感觉=60 运动=108
  λ_stim=0.25 T_on=80 | 适应8000→解码2000→记录30000
    [adapt] 0/10000 σ=12.38 edges=1675 w_mean=0.184 n_act=3 t=0s
    [adapt] 4000/10000 σ=10.57 edges=1674 w_mean=0.846 n_act=7 t=3s
    [decode] 8000/10000 σ=8.51 edges=1649 w_mean=1.000 n_act=3 t=5s

  三阶段完成: edges=1621 σ=6.43 w_mean=0.999
  输出解码: 0.5901 (✓)
  ★ 稳态权重归一化: 0.999 → 0.011 (缩放0.500倍)  文献: Turrigiano 2012

  步骤1: κ校准...
    κ校准 iter=1: G=2.00050 → κ=0.9590
    ✅ G=2.00050, κ=0.9590

  步骤2: 雪崩尺寸校准...

    ★ 尺寸校准（目标mean_size∈[5,25]）
    尺寸校准 iter=1: G=2.00050 → mean_size=41.4 zero=47% n_av=37
    尺寸校准 iter=2: G=1.33367 → mean_size=12.9 zero=64% n_av=39
    ✅ 尺寸达标: G=1.33367, mean_size=12.9
  最终G=1.33367, 校准mean_size=12.9

  ★ 记录阶段（30000步，G_final=1.3337）...
    [记录] 0/30000 wave=0 σ=6.43 t=7s
    [记录] 4000/30000 wave=1 σ=6.43 t=9s
    [记录] 8000/30000 wave=1 σ=6.43 t=10s
    [记录] 12000/30000 wave=1 σ=6.43 t=11s
    [记录] 16000/30000 wave=0 σ=6.43 t=12s
    [记录] 20000/30000 wave=0 σ=6.43 t=14s
    [记录] 24000/30000 wave=2 σ=6.43 t=15s
    [记录] 28000/30000 wave=2 σ=6.43 t=16s

  雪崩统计: 零帧=57.0% max=16 mean=1.154

=================================================================
  [C.elegans|13|3r] G=1.3337 w_mean=0.999
  零帧: 57.0% ✓
  雪崩数: 2865 | 均尺寸: 12.1 | 均时长: 8.1 ✓
  多步雪崩: 100.0% ✓
  τ_size=1.775 R²=0.429 p=0.87 ✓
  τ_dur=2.008 R²=0.532 (理论=1.388 误差=45%) ✓
  τ缩放: ✗ (误差45%)
  κ=1.0985±0.508 ✓
  PSD=-1.262 R²=0.416 ✓
  解码=0.5901 ✓
  LR(PL>LN)=239.7
  得分: 8/9
  =================================================================


-> Human_HCP | seed=42 | 3-rules
  [Human_HCP|42] N=400 E=320 I=80 | 感觉=60 运动=108
  λ_stim=0.25 T_on=80 | 适应8000→解码2000→记录30000
    [adapt] 0/10000 σ=14.14 edges=3035 w_mean=0.183 n_act=3 t=0s
    [adapt] 4000/10000 σ=13.09 edges=3033 w_mean=0.849 n_act=6 t=4s
    [decode] 8000/10000 σ=10.25 edges=3002 w_mean=1.000 n_act=3 t=9s

  三阶段完成: edges=2974 σ=8.47 w_mean=0.999
  输出解码: 0.3526 (✓)
  ★ 稳态权重归一化: 0.999 → 0.010 (缩放0.500倍)  文献: Turrigiano 2012

  步骤1: κ校准...
    κ校准 iter=1: G=2.00050 → κ=0.9868
    ✅ G=2.00050, κ=0.9868

  步骤2: 雪崩尺寸校准...

    ★ 尺寸校准（目标mean_size∈[5,25]）
    尺寸校准 iter=1: G=2.00050 → mean_size=138.5 zero=50% n_av=23
    尺寸校准 iter=2: G=1.33367 → mean_size=52.9 zero=33% n_av=41
    尺寸校准 iter=3: G=0.88911 → mean_size=6.2 zero=74% n_av=49
    ✅ 尺寸达标: G=0.88911, mean_size=6.2
  最终G=0.88911, 校准mean_size=6.2

  ★ 记录阶段（30000步，G_final=0.8891）...
    [记录] 0/30000 wave=0 σ=8.47 t=14s
    [记录] 4000/30000 wave=1 σ=8.47 t=16s
    [记录] 8000/30000 wave=0 σ=8.47 t=19s
    [记录] 12000/30000 wave=7 σ=8.47 t=22s
    [记录] 16000/30000 wave=1 σ=8.47 t=24s
    [记录] 20000/30000 wave=0 σ=8.47 t=27s
    [记录] 24000/30000 wave=0 σ=8.47 t=29s
    [记录] 28000/30000 wave=0 σ=8.47 t=32s

  雪崩统计: 零帧=66.5% max=15 mean=0.825

=================================================================
  [Human_HCP|42|3r] G=0.8891 w_mean=0.999
  零帧: 66.5% ✓
  雪崩数: 2660 | 均尺寸: 9.3 | 均时长: 6.8 ✓
  多步雪崩: 100.0% ✓
  τ_size=1.913 R²=0.798 p=0.81 ✓
  τ_dur=2.311 R²=0.663 (理论=1.457 误差=59%) ✓
  τ缩放: ✗ (误差59%)
  κ=1.0896±0.487 ✓
  PSD=-1.277 R²=0.433 ✓
  解码=0.3526 ✓
  LR(PL>LN)=358.0
  得分: 8/9
  =================================================================


-> Human_HCP | seed=7 | 3-rules
  [Human_HCP|7] N=400 E=320 I=80 | 感觉=60 运动=108
  λ_stim=0.25 T_on=80 | 适应8000→解码2000→记录30000
    [adapt] 0/10000 σ=14.39 edges=2973 w_mean=0.183 n_act=2 t=0s
    [adapt] 4000/10000 σ=12.12 edges=2972 w_mean=0.860 n_act=5 t=5s
    [decode] 8000/10000 σ=7.49 edges=2936 w_mean=1.000 n_act=4 t=9s

  三阶段完成: edges=2911 σ=5.82 w_mean=0.999
  输出解码: 0.5015 (✓)
  ★ 稳态权重归一化: 0.999 → 0.010 (缩放0.500倍)  文献: Turrigiano 2012

  步骤1: κ校准...
    κ校准 iter=1: G=2.00050 → κ=0.9842
    ✅ G=2.00050, κ=0.9842

  步骤2: 雪崩尺寸校准...

    ★ 尺寸校准（目标mean_size∈[5,25]）
    尺寸校准 iter=1: G=2.00050 → mean_size=149.9 zero=49% n_av=21
    尺寸校准 iter=2: G=1.33367 → mean_size=80.5 zero=36% n_av=24
    κ约束：κ=0.635超出范围，小步调整G→1.13362
    尺寸校准 iter=3: G=1.13362 → mean_size=19.9 zero=59% n_av=38
    ✅ 尺寸达标: G=1.13362, mean_size=19.9
  最终G=1.13362, 校准mean_size=19.9

  ★ 记录阶段（30000步，G_final=1.1336）...
    [记录] 0/30000 wave=0 σ=5.82 t=14s
    [记录] 4000/30000 wave=5 σ=5.82 t=17s
    [记录] 8000/30000 wave=0 σ=5.82 t=20s
    [记录] 12000/30000 wave=0 σ=5.82 t=22s
    [记录] 16000/30000 wave=11 σ=5.82 t=25s
    [记录] 20000/30000 wave=2 σ=5.82 t=28s
    [记录] 24000/30000 wave=0 σ=5.82 t=31s
    [记录] 28000/30000 wave=0 σ=5.82 t=33s

  雪崩统计: 零帧=48.4% max=23 mean=2.118

=================================================================
  [Human_HCP|7|3r] G=1.1336 w_mean=0.999
  零帧: 48.4% ✓
  雪崩数: 2340 | 均尺寸: 27.2 | 均时长: 12.3 ✓
  多步雪崩: 100.0% ✓
  τ_size=1.600 R²=0.121 p=0.81 ✓
  τ_dur=1.760 R²=0.052 (理论=1.300 误差=35%) ✗
  τ缩放: ✓ (误差35%)
  κ=1.1089±0.435 ✓
  PSD=-1.427 R²=0.466 ✓
  解码=0.5015 ✓
  LR(PL>LN)=329.1
  得分: 8/9
  =================================================================


-> Human_HCP | seed=13 | 3-rules
  [Human_HCP|13] N=400 E=320 I=80 | 感觉=60 运动=108
  λ_stim=0.25 T_on=80 | 适应8000→解码2000→记录30000
    [adapt] 0/10000 σ=14.13 edges=3019 w_mean=0.183 n_act=3 t=0s
    [adapt] 4000/10000 σ=13.34 edges=3019 w_mean=0.835 n_act=6 t=5s
    [decode] 8000/10000 σ=10.35 edges=2990 w_mean=0.999 n_act=1 t=9s

  三阶段完成: edges=2965 σ=8.45 w_mean=0.999
  输出解码: 0.5078 (✓)
  ★ 稳态权重归一化: 0.999 → 0.010 (缩放0.500倍)  文献: Turrigiano 2012

  步骤1: κ校准...
    κ校准 iter=1: G=2.00050 → κ=0.9826
    ✅ G=2.00050, κ=0.9826

  步骤2: 雪崩尺寸校准...

    ★ 尺寸校准（目标mean_size∈[5,25]）
    尺寸校准 iter=1: G=2.00050 → mean_size=115.4 zero=51% n_av=26
    尺寸校准 iter=2: G=1.33367 → mean_size=67.9 zero=61% n_av=20
    κ约束：κ=0.709超出范围，小步调整G→1.13362
    尺寸校准 iter=3: G=1.13362 → mean_size=34.1 zero=47% n_av=35
    κ约束：κ=0.457超出范围，小步调整G→0.96357
    尺寸校准 iter=4: G=0.96357 → mean_size=11.8 zero=63% n_av=43
    ✅ 尺寸达标: G=0.96357, mean_size=11.8
  最终G=0.96357, 校准mean_size=11.8

  ★ 记录阶段（30000步，G_final=0.9636）...
    [记录] 0/30000 wave=0 σ=8.45 t=15s
    [记录] 4000/30000 wave=0 σ=8.45 t=17s
    [记录] 8000/30000 wave=0 σ=8.45 t=20s
    [记录] 12000/30000 wave=0 σ=8.45 t=22s
    [记录] 16000/30000 wave=0 σ=8.45 t=25s
    [记录] 20000/30000 wave=0 σ=8.45 t=28s
    [记录] 24000/30000 wave=0 σ=8.45 t=30s
    [记录] 28000/30000 wave=1 σ=8.45 t=33s

  雪崩统计: 零帧=57.4% max=20 mean=1.259

=================================================================
  [Human_HCP|13|3r] G=0.9636 w_mean=0.999
  零帧: 57.4% ✓
  雪崩数: 2828 | 均尺寸: 13.4 | 均时长: 8.4 ✓
  多步雪崩: 100.0% ✓
  τ_size=1.817 R²=0.487 p=0.80 ✓
  τ_dur=2.059 R²=0.294 (理论=1.408 误差=46%) ✗
  τ缩放: ✗ (误差46%)
  κ=1.0762±0.431 ✓
  PSD=-1.275 R²=0.416 ✓
  解码=0.5078 ✓
  LR(PL>LN)=444.4
  得分: 7/9
  =================================================================


-> WS_Control | seed=42 | 3-rules
  [WS_Control|42] N=279 E=224 I=55 | 感觉=60 运动=108
  λ_stim=0.25 T_on=80 | 适应8000→解码2000→记录30000
    [adapt] 0/10000 σ=12.21 edges=1701 w_mean=0.184 n_act=3 t=0s
    [adapt] 4000/10000 σ=9.17 edges=1701 w_mean=0.853 n_act=3 t=3s
    [decode] 8000/10000 σ=6.57 edges=1684 w_mean=0.999 n_act=2 t=5s

  三阶段完成: edges=1667 σ=5.37 w_mean=0.999
  输出解码: 0.4645 (✓)
  ★ 稳态权重归一化: 0.999 → 0.012 (缩放0.500倍)  文献: Turrigiano 2012

  步骤1: κ校准...
    κ校准 iter=1: G=2.00050 → κ=0.9620
    ✅ G=2.00050, κ=0.9620

  步骤2: 雪崩尺寸校准...

    ★ 尺寸校准（目标mean_size∈[5,25]）
    尺寸校准 iter=1: G=2.00050 → mean_size=50.9 zero=52% n_av=34
    尺寸校准 iter=2: G=1.33367 → mean_size=10.8 zero=54% n_av=59
    ✅ 尺寸达标: G=1.33367, mean_size=10.8
  最终G=1.33367, 校准mean_size=10.8

  ★ 记录阶段（30000步，G_final=1.3337）...
    [记录] 0/30000 wave=0 σ=5.37 t=8s
    [记录] 4000/30000 wave=1 σ=5.37 t=9s
    [记录] 8000/30000 wave=0 σ=5.37 t=10s
    [记录] 12000/30000 wave=4 σ=5.37 t=12s
    [记录] 16000/30000 wave=0 σ=5.37 t=13s
    [记录] 20000/30000 wave=8 σ=5.37 t=14s
    [记录] 24000/30000 wave=0 σ=5.37 t=16s
    [记录] 28000/30000 wave=3 σ=5.37 t=17s

  雪崩统计: 零帧=55.2% max=15 mean=1.413

=================================================================
  [WS_Control|42|3r] G=1.3337 w_mean=0.999
  零帧: 55.2% ✓
  雪崩数: 2574 | 均尺寸: 16.5 | 均时长: 9.6 ✓
  多步雪崩: 100.0% ✓
  τ_size=1.666 R²=0.066 p=0.86 ✓
  τ_dur=1.907 R²=0.252 (理论=1.333 误差=43%) ✗
  τ缩放: ✗ (误差43%)
  κ=1.0802±0.436 ✓
  PSD=-1.344 R²=0.435 ✓
  解码=0.4645 ✓
  LR(PL>LN)=205.9
  得分: 7/9
  =================================================================


-> WS_Control | seed=7 | 3-rules
  [WS_Control|7] N=279 E=224 I=55 | 感觉=60 运动=108
  λ_stim=0.25 T_on=80 | 适应8000→解码2000→记录30000
    [adapt] 0/10000 σ=11.13 edges=1672 w_mean=0.182 n_act=2 t=0s
    [adapt] 4000/10000 σ=8.23 edges=1670 w_mean=0.814 n_act=2 t=3s
    [decode] 8000/10000 σ=5.80 edges=1651 w_mean=0.999 n_act=4 t=5s

  三阶段完成: edges=1634 σ=4.70 w_mean=0.999
  输出解码: 0.5175 (✓)
  ★ 稳态权重归一化: 0.999 → 0.011 (缩放0.501倍)  文献: Turrigiano 2012

  步骤1: κ校准...
    κ校准 iter=1: G=2.00050 → κ=0.9761
    ✅ G=2.00050, κ=0.9761

  步骤2: 雪崩尺寸校准...

    ★ 尺寸校准（目标mean_size∈[5,25]）
    尺寸校准 iter=1: G=2.00050 → mean_size=64.2 zero=61% n_av=23
    尺寸校准 iter=2: G=1.33367 → mean_size=11.6 zero=61% n_av=45
    ✅ 尺寸达标: G=1.33367, mean_size=11.6
  最终G=1.33367, 校准mean_size=11.6

  ★ 记录阶段（30000步，G_final=1.3337）...
    [记录] 0/30000 wave=0 σ=4.70 t=8s
    [记录] 4000/30000 wave=6 σ=4.70 t=9s
    [记录] 8000/30000 wave=0 σ=4.70 t=10s
    [记录] 12000/30000 wave=0 σ=4.70 t=12s
    [记录] 16000/30000 wave=2 σ=4.70 t=13s
    [记录] 20000/30000 wave=0 σ=4.70 t=14s
    [记录] 24000/30000 wave=1 σ=4.70 t=15s
    [记录] 28000/30000 wave=1 σ=4.70 t=17s

  雪崩统计: 零帧=55.9% max=19 mean=1.357

=================================================================
  [WS_Control|7|3r] G=1.3337 w_mean=0.999
  零帧: 55.9% ✓
  雪崩数: 2657 | 均尺寸: 15.3 | 均时长: 9.3 ✓
  多步雪崩: 100.0% ✓
  τ_size=1.689 R²=0.133 p=0.88 ✓
  τ_dur=1.942 R²=0.319 (理论=1.344 误差=44%) ✗
  τ缩放: ✗ (误差44%)
  κ=1.1016±0.555 ✓
  PSD=-1.329 R²=0.433 ✓
  解码=0.5175 ✓
  LR(PL>LN)=209.5
  得分: 7/9
  =================================================================


-> WS_Control | seed=13 | 3-rules
  [WS_Control|13] N=279 E=224 I=55 | 感觉=60 运动=108
  λ_stim=0.25 T_on=80 | 适应8000→解码2000→记录30000
    [adapt] 0/10000 σ=11.26 edges=1656 w_mean=0.184 n_act=3 t=0s
    [adapt] 4000/10000 σ=9.65 edges=1656 w_mean=0.818 n_act=11 t=3s
    [decode] 8000/10000 σ=7.16 edges=1632 w_mean=0.999 n_act=2 t=5s

  三阶段完成: edges=1612 σ=5.54 w_mean=0.999
  输出解码: 0.4528 (✓)
  ★ 稳态权重归一化: 0.999 → 0.011 (缩放0.501倍)  文献: Turrigiano 2012

  步骤1: κ校准...
    κ校准 iter=1: G=2.00050 → κ=0.9686
    ✅ G=2.00050, κ=0.9686

  步骤2: 雪崩尺寸校准...

    ★ 尺寸校准（目标mean_size∈[5,25]）
    尺寸校准 iter=1: G=2.00050 → mean_size=50.0 zero=51% n_av=31
    尺寸校准 iter=2: G=1.33367 → mean_size=24.3 zero=53% n_av=31
    ✅ 尺寸达标: G=1.33367, mean_size=24.3
  最终G=1.33367, 校准mean_size=24.3

  ★ 记录阶段（30000步，G_final=1.3337）...
    [记录] 0/30000 wave=0 σ=5.54 t=7s
    [记录] 4000/30000 wave=0 σ=5.54 t=9s
    [记录] 8000/30000 wave=7 σ=5.54 t=10s
    [记录] 12000/30000 wave=0 σ=5.54 t=11s
    [记录] 16000/30000 wave=1 σ=5.54 t=13s
    [记录] 20000/30000 wave=2 σ=5.54 t=14s
    [记录] 24000/30000 wave=0 σ=5.54 t=15s
    [记录] 28000/30000 wave=1 σ=5.54 t=16s

  雪崩统计: 零帧=58.6% max=15 mean=1.095

=================================================================
  [WS_Control|13|3r] G=1.3337 w_mean=0.999
  零帧: 58.6% ✓
  雪崩数: 2875 | 均尺寸: 11.4 | 均时长: 7.6 ✓
  多步雪崩: 100.0% ✓
  τ_size=1.871 R²=0.522 p=0.79 ✗
  τ_dur=2.059 R²=0.278 (理论=1.435 误差=43%) ✗
  τ缩放: ✗ (误差43%)
  κ=1.0817±0.473 ✓
  PSD=-1.240 R²=0.406 ✓
  解码=0.4528 ✓
  LR(PL>LN)=468.0
  得分: 6/9
  =================================================================


[4-rules]

-> C.elegans | seed=42 | 4-rules
  [C.elegans|42] N=279 E=224 I=55 | 感觉=60 运动=108
  λ_stim=0.25 T_on=80 | 适应8000→解码2000→记录30000
    [adapt] 0/10000 σ=12.54 edges=1686 w_mean=0.183 n_act=3 t=0s
    [adapt] 4000/10000 σ=13.25 edges=1047 w_mean=0.840 n_act=3 t=3s
    [decode] 8000/10000 σ=11.32 edges=994 w_mean=1.000 n_act=3 t=5s

  三阶段完成: edges=992 σ=10.75 w_mean=0.999
  输出解码: 0.5380 (✓)
  ★ 稳态权重归一化: 0.999 → 0.007 (缩放0.501倍)  文献: Turrigiano 2012

  步骤1: κ校准...
    κ校准 iter=1: G=2.00050 → κ=0.6320
    κ校准 iter=2: G=3.00025 → κ=0.9173
    ✅ G=3.00025, κ=0.9173

  步骤2: 雪崩尺寸校准...

    ★ 尺寸校准（目标mean_size∈[5,25]）
    尺寸校准 iter=1: G=3.00025 → mean_size=20.3 zero=49% n_av=46
    ✅ 尺寸达标: G=3.00025, mean_size=20.3
  最终G=3.00025, 校准mean_size=20.3

  ★ 记录阶段（30000步，G_final=3.0003）...
    [记录] 0/30000 wave=0 σ=10.75 t=8s
    [记录] 4000/30000 wave=1 σ=10.75 t=10s
    [记录] 8000/30000 wave=15 σ=10.75 t=12s
    [记录] 12000/30000 wave=8 σ=10.75 t=14s
    [记录] 16000/30000 wave=4 σ=10.75 t=17s
    [记录] 20000/30000 wave=0 σ=10.75 t=19s
    [记录] 24000/30000 wave=5 σ=10.75 t=22s
    [记录] 28000/30000 wave=8 σ=10.75 t=25s

  雪崩统计: 零帧=45.5% max=19 mean=2.139

=================================================================
  [C.elegans|42|4r] G=3.0003 w_mean=0.999
  零帧: 45.5% ✓
  雪崩数: 2389 | 均尺寸: 26.9 | 均时长: 11.6 ✓
  多步雪崩: 100.0% ✓
  τ_size=1.587 R²=0.089 p=0.80 ✓
  τ_dur=1.825 R²=0.108 (理论=1.294 误差=41%) ✗
  τ缩放: ✗ (误差41%)
  κ=1.1396±0.548 ✓
  PSD=-1.352 R²=0.422 ✓
  解码=0.5380 ✓
  LR(PL>LN)=319.2
  得分: 7/9
  =================================================================


-> C.elegans | seed=7 | 4-rules
  [C.elegans|7] N=279 E=224 I=55 | 感觉=60 运动=108
  λ_stim=0.25 T_on=80 | 适应8000→解码2000→记录30000
    [adapt] 0/10000 σ=13.05 edges=1668 w_mean=0.184 n_act=2 t=0s
    [adapt] 4000/10000 σ=12.14 edges=1037 w_mean=0.853 n_act=2 t=3s
    [decode] 8000/10000 σ=9.85 edges=985 w_mean=0.999 n_act=3 t=5s

  三阶段完成: edges=983 σ=9.51 w_mean=0.999
  输出解码: 0.4139 (✓)
  ★ 稳态权重归一化: 0.999 → 0.007 (缩放0.500倍)  文献: Turrigiano 2012

  步骤1: κ校准...
    κ校准 iter=1: G=2.00050 → κ=0.5493
    κ校准 iter=2: G=3.00025 → κ=0.9286
    ✅ G=3.00025, κ=0.9286

  步骤2: 雪崩尺寸校准...

    ★ 尺寸校准（目标mean_size∈[5,25]）
    尺寸校准 iter=1: G=3.00025 → mean_size=23.1 zero=66% n_av=26
    ✅ 尺寸达标: G=3.00025, mean_size=23.1
  最终G=3.00025, 校准mean_size=23.1

  ★ 记录阶段（30000步，G_final=3.0003）...
    [记录] 0/30000 wave=0 σ=9.51 t=8s
    [记录] 4000/30000 wave=0 σ=9.51 t=10s
    [记录] 8000/30000 wave=0 σ=9.51 t=12s
    [记录] 12000/30000 wave=0 σ=9.51 t=15s
    [记录] 16000/30000 wave=1 σ=9.51 t=17s
    [记录] 20000/30000 wave=1 σ=9.51 t=20s
    [记录] 24000/30000 wave=0 σ=9.51 t=22s
    [记录] 28000/30000 wave=0 σ=9.51 t=25s

  雪崩统计: 零帧=46.4% max=23 mean=2.116

=================================================================
  [C.elegans|7|4r] G=3.0003 w_mean=0.999
  零帧: 46.4% ✓
  雪崩数: 2366 | 均尺寸: 26.8 | 均时长: 12.1 ✓
  多步雪崩: 100.0% ✓
  τ_size=1.582 R²=0.115 p=0.81 ✓
  τ_dur=1.748 R²=0.002 (理论=1.291 误差=35%) ✗
  τ缩放: ✓ (误差35%)
  κ=1.0801±0.444 ✓
  PSD=-1.367 R²=0.425 ✓
  解码=0.4139 ✓
  LR(PL>LN)=307.1
  得分: 8/9
  =================================================================


-> C.elegans | seed=13 | 4-rules
  [C.elegans|13] N=279 E=224 I=55 | 感觉=60 运动=108
  λ_stim=0.25 T_on=80 | 适应8000→解码2000→记录30000
    [adapt] 0/10000 σ=12.38 edges=1675 w_mean=0.184 n_act=3 t=0s
    [adapt] 4000/10000 σ=12.95 edges=1039 w_mean=0.835 n_act=5 t=3s
    [decode] 8000/10000 σ=10.30 edges=997 w_mean=0.999 n_act=3 t=5s

  三阶段完成: edges=994 σ=9.24 w_mean=0.999
  输出解码: 0.5501 (✓)
  ★ 稳态权重归一化: 0.999 → 0.007 (缩放0.500倍)  文献: Turrigiano 2012

  步骤1: κ校准...
    κ校准 iter=1: G=2.00050 → κ=0.6218
    κ校准 iter=2: G=3.00025 → κ=0.9358
    ✅ G=3.00025, κ=0.9358

  步骤2: 雪崩尺寸校准...

    ★ 尺寸校准（目标mean_size∈[5,25]）
    尺寸校准 iter=1: G=3.00025 → mean_size=26.6 zero=49% n_av=38
    κ约束：κ=0.449超出范围，小步调整G→2.55021
    尺寸校准 iter=2: G=2.55021 → mean_size=9.9 zero=57% n_av=55
    ✅ 尺寸达标: G=2.55021, mean_size=9.9
  最终G=2.55021, 校准mean_size=9.9

  ★ 记录阶段（30000步，G_final=2.5502）...
    [记录] 0/30000 wave=0 σ=9.24 t=8s
    [记录] 4000/30000 wave=3 σ=9.24 t=10s
    [记录] 8000/30000 wave=3 σ=9.24 t=12s
    [记录] 12000/30000 wave=2 σ=9.24 t=14s
    [记录] 16000/30000 wave=2 σ=9.24 t=15s
    [记录] 20000/30000 wave=5 σ=9.24 t=17s
    [记录] 24000/30000 wave=2 σ=9.24 t=19s
    [记录] 28000/30000 wave=7 σ=9.24 t=21s

  雪崩统计: 零帧=50.3% max=14 mean=1.367

=================================================================
  [C.elegans|13|4r] G=2.5502 w_mean=0.999
  零帧: 50.3% ✓
  雪崩数: 3085 | 均尺寸: 13.3 | 均时长: 8.6 ✓
  多步雪崩: 100.0% ✓
  τ_size=1.782 R²=0.366 p=0.80 ✗
  τ_dur=2.044 R²=0.208 (理论=1.391 误差=47%) ✗
  τ缩放: ✗ (误差47%)
  κ=1.0672±0.434 ✓
  PSD=-1.256 R²=0.401 ✓
  解码=0.5501 ✓
  LR(PL>LN)=437.7
  得分: 6/9
  =================================================================


-> Human_HCP | seed=42 | 4-rules
  [Human_HCP|42] N=400 E=320 I=80 | 感觉=60 运动=108
  λ_stim=0.25 T_on=80 | 适应8000→解码2000→记录30000
    [adapt] 0/10000 σ=14.14 edges=3035 w_mean=0.183 n_act=3 t=0s
    [adapt] 4000/10000 σ=15.98 edges=1683 w_mean=0.836 n_act=4 t=4s
    [decode] 8000/10000 σ=15.16 edges=1560 w_mean=1.000 n_act=3 t=9s

  三阶段完成: edges=1556 σ=14.59 w_mean=0.999
  输出解码: 0.4893 (✓)
  ★ 稳态权重归一化: 0.999 → 0.006 (缩放0.501倍)  文献: Turrigiano 2012

  步骤1: κ校准...
    κ校准 iter=1: G=2.00050 → κ=0.5882
    κ校准 iter=2: G=3.00025 → κ=0.9523
    ✅ G=3.00025, κ=0.9523

  步骤2: 雪崩尺寸校准...

    ★ 尺寸校准（目标mean_size∈[5,25]）
    尺寸校准 iter=1: G=3.00025 → mean_size=33.8 zero=43% n_av=38
    κ约束：κ=0.684超出范围，小步调整G→2.55021
    尺寸校准 iter=2: G=2.55021 → mean_size=11.3 zero=54% n_av=59
    ✅ 尺寸达标: G=2.55021, mean_size=11.3
  最终G=2.55021, 校准mean_size=11.3

  ★ 记录阶段（30000步，G_final=2.5502）...
    [记录] 0/30000 wave=0 σ=14.59 t=15s
    [记录] 4000/30000 wave=0 σ=14.59 t=18s
    [记录] 8000/30000 wave=2 σ=14.59 t=22s
    [记录] 12000/30000 wave=7 σ=14.59 t=25s
    [记录] 16000/30000 wave=6 σ=14.59 t=29s
    [记录] 20000/30000 wave=0 σ=14.59 t=32s
    [记录] 24000/30000 wave=0 σ=14.59 t=35s
    [记录] 28000/30000 wave=0 σ=14.59 t=39s

  雪崩统计: 零帧=50.8% max=17 mean=1.511

=================================================================
  [Human_HCP|42|4r] G=2.5502 w_mean=0.999
  零帧: 50.8% ✓
  雪崩数: 2894 | 均尺寸: 15.7 | 均时长: 9.5 ✓
  多步雪崩: 100.0% ✓
  τ_size=1.718 R²=0.242 p=0.85 ✓
  τ_dur=1.935 R²=0.428 (理论=1.359 误差=42%) ✓
  τ缩放: ✗ (误差42%)
  κ=1.0726±0.443 ✓
  PSD=-1.299 R²=0.415 ✓
  解码=0.4893 ✓
  LR(PL>LN)=292.3
  得分: 8/9
  =================================================================


-> Human_HCP | seed=7 | 4-rules
  [Human_HCP|7] N=400 E=320 I=80 | 感觉=60 运动=108
  λ_stim=0.25 T_on=80 | 适应8000→解码2000→记录30000
    [adapt] 0/10000 σ=14.39 edges=2973 w_mean=0.183 n_act=2 t=0s
    [adapt] 4000/10000 σ=12.55 edges=1685 w_mean=0.850 n_act=1 t=5s
    [decode] 8000/10000 σ=9.74 edges=1527 w_mean=1.000 n_act=2 t=9s

  三阶段完成: edges=1522 σ=8.77 w_mean=0.999
  输出解码: 0.4991 (✓)
  ★ 稳态权重归一化: 0.999 → 0.006 (缩放0.500倍)  文献: Turrigiano 2012

  步骤1: κ校准...
    κ校准 iter=1: G=2.00050 → κ=0.4913
    κ校准 iter=2: G=3.00025 → κ=0.9484
    ✅ G=3.00025, κ=0.9484

  步骤2: 雪崩尺寸校准...

    ★ 尺寸校准（目标mean_size∈[5,25]）
    尺寸校准 iter=1: G=3.00025 → mean_size=39.7 zero=41% n_av=32
    κ约束：κ=0.400超出范围，小步调整G→2.55021
    尺寸校准 iter=2: G=2.55021 → mean_size=11.6 zero=41% n_av=67
    ✅ 尺寸达标: G=2.55021, mean_size=11.6
  最终G=2.55021, 校准mean_size=11.6

  ★ 记录阶段（30000步，G_final=2.5502）...
    [记录] 0/30000 wave=0 σ=8.77 t=15s
    [记录] 4000/30000 wave=0 σ=8.77 t=18s
    [记录] 8000/30000 wave=0 σ=8.77 t=21s
    [记录] 12000/30000 wave=3 σ=8.77 t=25s
    [记录] 16000/30000 wave=1 σ=8.77 t=28s
    [记录] 20000/30000 wave=0 σ=8.77 t=31s
    [记录] 24000/30000 wave=3 σ=8.77 t=35s
    [记录] 28000/30000 wave=6 σ=8.77 t=38s

  雪崩统计: 零帧=54.1% max=19 mean=1.318

=================================================================
  [Human_HCP|7|4r] G=2.5502 w_mean=0.999
  零帧: 54.1% ✓
  雪崩数: 2885 | 均尺寸: 13.7 | 均时长: 8.8 ✓
  多步雪崩: 100.0% ✓
  τ_size=1.758 R²=0.476 p=0.85 ✓
  τ_dur=2.066 R²=0.417 (理论=1.379 误差=50%) ✓
  τ缩放: ✗ (误差50%)
  κ=1.0679±0.450 ✓
  PSD=-1.256 R²=0.396 ✓
  解码=0.4991 ✓
  LR(PL>LN)=277.3
  得分: 8/9
  =================================================================


-> Human_HCP | seed=13 | 4-rules
  [Human_HCP|13] N=400 E=320 I=80 | 感觉=60 运动=108
  λ_stim=0.25 T_on=80 | 适应8000→解码2000→记录30000
    [adapt] 0/10000 σ=14.13 edges=3019 w_mean=0.183 n_act=3 t=0s
    [adapt] 4000/10000 σ=15.84 edges=1667 w_mean=0.889 n_act=4 t=5s
    [decode] 8000/10000 σ=16.18 edges=1527 w_mean=0.999 n_act=0 t=9s

  三阶段完成: edges=1522 σ=15.49 w_mean=0.999
  输出解码: 0.4625 (✓)
  ★ 稳态权重归一化: 0.999 → 0.006 (缩放0.500倍)  文献: Turrigiano 2012

  步骤1: κ校准...
    κ校准 iter=1: G=2.00050 → κ=0.7379
    κ校准 iter=2: G=3.00025 → κ=0.9515
    ✅ G=3.00025, κ=0.9515

  步骤2: 雪崩尺寸校准...

    ★ 尺寸校准（目标mean_size∈[5,25]）
    尺寸校准 iter=1: G=3.00025 → mean_size=39.4 zero=30% n_av=40
    κ约束：κ=0.000超出范围，小步调整G→2.55021
    尺寸校准 iter=2: G=2.55021 → mean_size=9.8 zero=48% n_av=66
    ✅ 尺寸达标: G=2.55021, mean_size=9.8
  最终G=2.55021, 校准mean_size=9.8

  ★ 记录阶段（30000步，G_final=2.5502）...
    [记录] 0/30000 wave=0 σ=15.49 t=15s
    [记录] 4000/30000 wave=0 σ=15.49 t=18s
    [记录] 8000/30000 wave=0 σ=15.49 t=21s
    [记录] 12000/30000 wave=5 σ=15.49 t=25s
    [记录] 16000/30000 wave=1 σ=15.49 t=28s
    [记录] 20000/30000 wave=5 σ=15.49 t=32s
    [记录] 24000/30000 wave=3 σ=15.49 t=35s
    [记录] 28000/30000 wave=4 σ=15.49 t=38s

  雪崩统计: 零帧=51.1% max=18 mean=1.447

=================================================================
  [Human_HCP|13|4r] G=2.5502 w_mean=0.999
  零帧: 51.1% ✓
  雪崩数: 2918 | 均尺寸: 14.9 | 均时长: 9.0 ✓
  多步雪崩: 100.0% ✓
  τ_size=1.725 R²=0.364 p=0.86 ✓
  τ_dur=2.016 R²=0.121 (理论=1.362 误差=48%) ✗
  τ缩放: ✗ (误差48%)
  κ=1.1103±0.557 ✓
  PSD=-1.264 R²=0.403 ✓
  解码=0.4625 ✓
  LR(PL>LN)=271.3
  得分: 7/9
  =================================================================


-> WS_Control | seed=42 | 4-rules
  [WS_Control|42] N=279 E=224 I=55 | 感觉=60 运动=108
  λ_stim=0.25 T_on=80 | 适应8000→解码2000→记录30000
    [adapt] 0/10000 σ=12.21 edges=1701 w_mean=0.184 n_act=3 t=0s
    [adapt] 4000/10000 σ=11.04 edges=1051 w_mean=0.838 n_act=3 t=3s
    [decode] 8000/10000 σ=8.94 edges=994 w_mean=1.000 n_act=1 t=5s

  三阶段完成: edges=992 σ=8.32 w_mean=0.999
  输出解码: 0.5161 (✓)
  ★ 稳态权重归一化: 0.999 → 0.007 (缩放0.500倍)  文献: Turrigiano 2012

  步骤1: κ校准...
    κ校准 iter=1: G=2.00050 → κ=0.5910
    κ校准 iter=2: G=3.00025 → κ=0.9331
    ✅ G=3.00025, κ=0.9331

  步骤2: 雪崩尺寸校准...

    ★ 尺寸校准（目标mean_size∈[5,25]）
    尺寸校准 iter=1: G=3.00025 → mean_size=34.3 zero=54% n_av=31
    κ约束：κ=0.621超出范围，小步调整G→2.55021
    尺寸校准 iter=2: G=2.55021 → mean_size=8.7 zero=59% n_av=57
    ✅ 尺寸达标: G=2.55021, mean_size=8.7
  最终G=2.55021, 校准mean_size=8.7

  ★ 记录阶段（30000步，G_final=2.5502）...
    [记录] 0/30000 wave=0 σ=8.32 t=8s
    [记录] 4000/30000 wave=0 σ=8.32 t=10s
    [记录] 8000/30000 wave=1 σ=8.32 t=12s
    [记录] 12000/30000 wave=0 σ=8.32 t=14s
    [记录] 16000/30000 wave=1 σ=8.32 t=16s
    [记录] 20000/30000 wave=0 σ=8.32 t=18s
    [记录] 24000/30000 wave=0 σ=8.32 t=20s
    [记录] 28000/30000 wave=6 σ=8.32 t=22s

  雪崩统计: 零帧=51.2% max=15 mean=1.420

=================================================================
  [WS_Control|42|4r] G=2.5502 w_mean=0.999
  零帧: 51.2% ✓
  雪崩数: 2946 | 均尺寸: 14.5 | 均时长: 8.9 ✓
  多步雪崩: 100.0% ✓
  τ_size=1.731 R²=0.217 p=0.87 ✓
  τ_dur=1.978 R²=0.203 (理论=1.366 误差=45%) ✗
  τ缩放: ✗ (误差45%)
  κ=1.1151±0.513 ✓
  PSD=-1.252 R²=0.392 ✓
  解码=0.5161 ✓
  LR(PL>LN)=277.3
  得分: 7/9
  =================================================================


-> WS_Control | seed=7 | 4-rules
  [WS_Control|7] N=279 E=224 I=55 | 感觉=60 运动=108
  λ_stim=0.25 T_on=80 | 适应8000→解码2000→记录30000
    [adapt] 0/10000 σ=11.13 edges=1672 w_mean=0.182 n_act=2 t=0s
    [adapt] 4000/10000 σ=10.29 edges=1030 w_mean=0.800 n_act=1 t=3s
    [decode] 8000/10000 σ=8.84 edges=991 w_mean=0.998 n_act=4 t=5s

  三阶段完成: edges=991 σ=7.74 w_mean=0.999
  输出解码: 0.5330 (✓)
  ★ 稳态权重归一化: 0.999 → 0.007 (缩放0.500倍)  文献: Turrigiano 2012

  步骤1: κ校准...
    κ校准 iter=1: G=2.00050 → κ=0.6309
    κ校准 iter=2: G=3.00025 → κ=0.9619
    ✅ G=3.00025, κ=0.9619

  步骤2: 雪崩尺寸校准...

    ★ 尺寸校准（目标mean_size∈[5,25]）
    尺寸校准 iter=1: G=3.00025 → mean_size=42.6 zero=55% n_av=22
    κ约束：κ=0.552超出范围，小步调整G→2.55021
    尺寸校准 iter=2: G=2.55021 → mean_size=14.1 zero=54% n_av=44
    ✅ 尺寸达标: G=2.55021, mean_size=14.1
  最终G=2.55021, 校准mean_size=14.1

  ★ 记录阶段（30000步，G_final=2.5502）...
    [记录] 0/30000 wave=0 σ=7.74 t=8s
    [记录] 4000/30000 wave=3 σ=7.74 t=10s
    [记录] 8000/30000 wave=1 σ=7.74 t=12s
    [记录] 12000/30000 wave=2 σ=7.74 t=14s
    [记录] 16000/30000 wave=0 σ=7.74 t=15s
    [记录] 20000/30000 wave=4 σ=7.74 t=17s
    [记录] 24000/30000 wave=0 σ=7.74 t=19s
    [记录] 28000/30000 wave=1 σ=7.74 t=21s

  雪崩统计: 零帧=51.5% max=15 mean=1.421

=================================================================
  [WS_Control|7|4r] G=2.5502 w_mean=0.999
  零帧: 51.5% ✓
  雪崩数: 2795 | 均尺寸: 15.2 | 均时长: 9.4 ✓
  多步雪崩: 100.0% ✓
  τ_size=1.673 R²=0.056 p=0.87 ✓
  τ_dur=1.877 R²=0.207 (理论=1.336 误差=40%) ✗
  τ缩放: ✗ (误差40%)
  κ=1.0768±0.437 ✓
  PSD=-1.285 R²=0.397 ✓
  解码=0.5330 ✓
  LR(PL>LN)=202.8
  得分: 7/9
  =================================================================


-> WS_Control | seed=13 | 4-rules
  [WS_Control|13] N=279 E=224 I=55 | 感觉=60 运动=108
  λ_stim=0.25 T_on=80 | 适应8000→解码2000→记录30000
    [adapt] 0/10000 σ=11.26 edges=1656 w_mean=0.184 n_act=3 t=0s
    [adapt] 4000/10000 σ=10.07 edges=1013 w_mean=0.863 n_act=5 t=3s
    [decode] 8000/10000 σ=7.69 edges=977 w_mean=0.999 n_act=2 t=5s

  三阶段完成: edges=977 σ=7.19 w_mean=0.999
  输出解码: 0.3795 (✓)
  ★ 稳态权重归一化: 0.999 → 0.007 (缩放0.501倍)  文献: Turrigiano 2012

  步骤1: κ校准...
    κ校准 iter=1: G=2.00050 → κ=0.6738
    κ校准 iter=2: G=3.00025 → κ=0.9171
    ✅ G=3.00025, κ=0.9171

  步骤2: 雪崩尺寸校准...

    ★ 尺寸校准（目标mean_size∈[5,25]）
    尺寸校准 iter=1: G=3.00025 → mean_size=38.3 zero=44% n_av=33
    κ约束：κ=0.392超出范围，小步调整G→2.55021
    尺寸校准 iter=2: G=2.55021 → mean_size=10.3 zero=55% n_av=53
    ✅ 尺寸达标: G=2.55021, mean_size=10.3
  最终G=2.55021, 校准mean_size=10.3

  ★ 记录阶段（30000步，G_final=2.5502）...
    [记录] 0/30000 wave=0 σ=7.19 t=8s
    [记录] 4000/30000 wave=0 σ=7.19 t=10s
    [记录] 8000/30000 wave=3 σ=7.19 t=12s
    [记录] 12000/30000 wave=8 σ=7.19 t=14s
    [记录] 16000/30000 wave=0 σ=7.19 t=16s
    [记录] 20000/30000 wave=2 σ=7.19 t=17s
    [记录] 24000/30000 wave=0 σ=7.19 t=19s
    [记录] 28000/30000 wave=0 σ=7.19 t=21s

  雪崩统计: 零帧=51.8% max=14 mean=1.310

=================================================================
  [WS_Control|13|4r] G=2.5502 w_mean=0.999
  零帧: 51.8% ✓
  雪崩数: 3017 | 均尺寸: 13.0 | 均时长: 8.3 ✓
  多步雪崩: 100.0% ✓
  τ_size=1.774 R²=0.336 p=0.82 ✓
  τ_dur=1.989 R²=0.202 (理论=1.387 误差=43%) ✗
  τ缩放: ✗ (误差43%)
  κ=1.0960±0.480 ✓
  PSD=-1.238 R²=0.400 ✓
  解码=0.3795 ✓
  LR(PL>LN)=407.8
  得分: 7/9
  =================================================================

/home/work/.openclaw/workspace/sdi_sim/sdi_experiment5_v14.py:1056: UserWarning: No artists with labels found to put in legend.  Note that artists whose label start with an underscore are ignored when legend() is called with no argument.
  ax2.tick_params(labelsize=6); ax2.legend(fontsize=5)

Saved: /home/work/.openclaw/workspace/sdi_sim/exp5_v14_avalanche_results.json
Figure: /home/work/.openclaw/workspace/sdi_sim/exp5_v14_avalanche_results.png

======================================================================
Summary v12
======================================================================

Group                        G_f    ms     κ      τ_s    τ_d    se%    PSD    dec    zero   Score
----------------------------------------------------------------------------------------------------
C.elegans_3-rules            1.334  12.5   1.102  1.77   2.04   47%  -1.27  0.534  57%   7.7/9
C.elegans_4-rules            2.850  22.3   1.096  1.65   1.87   41%  -1.33  0.501  47%   7.0/9
Human_HCP_3-rules            0.995  16.6   1.092  1.78   2.04   47%  -1.33  0.454  57%   7.7/9
Human_HCP_4-rules            2.550  14.7   1.084  1.73   2.01   47%  -1.27  0.484  52%   7.7/9
WS_Control_3-rules           1.334  14.4   1.088  1.74   1.97   44%  -1.30  0.478  57%   6.7/9
WS_Control_4-rules           2.550  14.2   1.096  1.73   1.95   43%  -1.26  0.476  51%   7.0/9

Best: C.elegans | 3-rules | seed=7
  tau_s=1.796  tau_d=2.034  kappa=1.113
  G_final=1.3337  mean_size=12.4
  decode=0.4907  score=8/9

Total: 470s (7.8min)
v12 complete.
