======================================================================
SDI Experiment 5 v12 — Soft-Saturation STDP (物理第一性) + Dual-G Calibration
  ★ 软饱和STDP: dw_eff = dw×(1-w/W_MAX),  W_MAX=0.9
  ★ 文献依据: Bhatt 2009 Neuron + BCM 1982
  Phase1 Adapt  : 8000步 | λ_stim=0.25 T_on=80 + 软饱和STDP
  Phase2 Decode : 2000步 | Poisson + 弱STDP + motor记录
  Phase3 Record : 30000步 | 纯BTW + 极弱STDP
  Phase2 Decode : 2000步 | Poisson + STDP(mid) + motor record
  Phase3 Record : 30000步 | BTW only + STDP(weak)
  Calibration   : κ二分法 → 尺寸校准（目标mean_size∈[5,80]）
======================================================================

[3-rules]

-> C.elegans | seed=42 | 3-rules
  [C.elegans|42] N=279 E=224 I=55 | 感觉=60 运动=108
  λ_stim=0.25 T_on=80 | 适应8000→解码2000→记录30000
    [adapt] 0/10000 σ=12.54 edges=1686 w_mean=0.183 n_act=3 t=0s
    [adapt] 4000/10000 σ=9.92 edges=1686 w_mean=0.803 n_act=6 t=3s
    [decode] 8000/10000 σ=7.77 edges=1673 w_mean=0.999 n_act=1 t=5s

  三阶段完成: edges=1654 σ=7.09 w_mean=0.999
  输出解码: 0.5213 (✓)
  ★ 稳态权重归一化: 0.999 → 0.012 (缩放0.501倍)  文献: Turrigiano 2012

  步骤1: κ校准...
    κ校准 iter=1: G=2.00050 → κ=0.9733
    ✅ G=2.00050, κ=0.9733

  步骤2: 雪崩尺寸校准...

    ★ 尺寸校准（目标mean_size∈[5,80]）
    尺寸校准 iter=1: G=2.00050 → mean_size=54.6 zero=52% n_av=28
    ✅ 尺寸达标: G=2.00050, mean_size=54.6
  最终G=2.00050, 校准mean_size=54.6

  ★ 记录阶段（30000步，G_final=2.0005）...
    [记录] 0/30000 wave=0 σ=7.09 t=7s
    [记录] 4000/30000 wave=1 σ=7.09 t=9s
    [记录] 8000/30000 wave=3 σ=7.09 t=10s
    [记录] 12000/30000 wave=12 σ=7.09 t=12s
    [记录] 16000/30000 wave=13 σ=7.09 t=14s
    [记录] 20000/30000 wave=0 σ=7.09 t=16s
    [记录] 24000/30000 wave=0 σ=7.09 t=18s
    [记录] 28000/30000 wave=0 σ=7.09 t=20s

  雪崩统计: 零帧=49.5% max=30 mean=3.366

=================================================================
  [C.elegans|42|3r] G=2.0005 w_mean=0.999
  零帧: 49.5% ✓
  雪崩数: 1678 | 均尺寸: 60.2 | 均时长: 16.6 ✓
  多步雪崩: 100.0% ✓
  τ_size=1.508 R²=0.131 p=0.73 ✗
  τ_dur=7.260 R²=0.829 (理论=1.254 误差=479%) ✗
  τ缩放: ✗ (误差479%)
  κ=1.0757±0.411 ✓
  PSD=-1.586 R²=0.495 ✗
  解码=0.5213 ✓
  LR(PL>LN)=569.9
  得分: 5/9
  =================================================================


-> C.elegans | seed=7 | 3-rules
  [C.elegans|7] N=279 E=224 I=55 | 感觉=60 运动=108
  λ_stim=0.25 T_on=80 | 适应8000→解码2000→记录30000
    [adapt] 0/10000 σ=13.05 edges=1668 w_mean=0.184 n_act=2 t=0s
    [adapt] 4000/10000 σ=11.39 edges=1668 w_mean=0.818 n_act=3 t=3s
    [decode] 8000/10000 σ=8.43 edges=1649 w_mean=0.999 n_act=4 t=5s

  三阶段完成: edges=1631 σ=7.48 w_mean=0.999
  输出解码: 0.4907 (✓)
  ★ 稳态权重归一化: 0.999 → 0.011 (缩放0.501倍)  文献: Turrigiano 2012

  步骤1: κ校准...
    κ校准 iter=1: G=2.00050 → κ=0.9683
    ✅ G=2.00050, κ=0.9683

  步骤2: 雪崩尺寸校准...

    ★ 尺寸校准（目标mean_size∈[5,80]）
    尺寸校准 iter=1: G=2.00050 → mean_size=85.6 zero=53% n_av=19
    尺寸校准 iter=2: G=1.33367 → mean_size=13.1 zero=65% n_av=34
    ✅ 尺寸达标: G=1.33367, mean_size=13.1
  最终G=1.33367, 校准mean_size=13.1

  ★ 记录阶段（30000步，G_final=1.3337）...
    [记录] 0/30000 wave=0 σ=7.48 t=7s
    [记录] 4000/30000 wave=0 σ=7.48 t=9s
    [记录] 8000/30000 wave=4 σ=7.48 t=10s
    [记录] 12000/30000 wave=4 σ=7.48 t=11s
    [记录] 16000/30000 wave=0 σ=7.48 t=12s
    [记录] 20000/30000 wave=0 σ=7.48 t=14s
    [记录] 24000/30000 wave=0 σ=7.48 t=15s
    [记录] 28000/30000 wave=0 σ=7.48 t=16s

  雪崩统计: 零帧=58.0% max=15 mean=1.153

=================================================================
  [C.elegans|7|3r] G=1.3337 w_mean=0.999
  零帧: 58.0% ✓
  雪崩数: 2794 | 均尺寸: 12.4 | 均时长: 7.9 ✓
  多步雪崩: 100.0% ✓
  τ_size=1.796 R²=0.413 p=0.84 ✓
  τ_dur=2.034 R²=0.423 (理论=1.398 误差=46%) ✓
  τ缩放: ✗ (误差46%)
  κ=1.1133±0.493 ✓
  PSD=-1.272 R²=0.420 ✓
  解码=0.4907 ✓
  LR(PL>LN)=281.9
  得分: 8/9
  =================================================================


-> C.elegans | seed=13 | 3-rules
  [C.elegans|13] N=279 E=224 I=55 | 感觉=60 运动=108
  λ_stim=0.25 T_on=80 | 适应8000→解码2000→记录30000
    [adapt] 0/10000 σ=12.38 edges=1675 w_mean=0.184 n_act=3 t=0s
    [adapt] 4000/10000 σ=10.57 edges=1674 w_mean=0.846 n_act=7 t=3s
    [decode] 8000/10000 σ=8.51 edges=1649 w_mean=1.000 n_act=3 t=5s

  三阶段完成: edges=1621 σ=6.43 w_mean=0.999
  输出解码: 0.5901 (✓)
  ★ 稳态权重归一化: 0.999 → 0.011 (缩放0.500倍)  文献: Turrigiano 2012

  步骤1: κ校准...
    κ校准 iter=1: G=2.00050 → κ=0.9590
    ✅ G=2.00050, κ=0.9590

  步骤2: 雪崩尺寸校准...

    ★ 尺寸校准（目标mean_size∈[5,80]）
    尺寸校准 iter=1: G=2.00050 → mean_size=41.4 zero=47% n_av=37
    ✅ 尺寸达标: G=2.00050, mean_size=41.4
  最终G=2.00050, 校准mean_size=41.4

  ★ 记录阶段（30000步，G_final=2.0005）...
    [记录] 0/30000 wave=0 σ=6.43 t=7s
    [记录] 4000/30000 wave=3 σ=6.43 t=9s
    [记录] 8000/30000 wave=11 σ=6.43 t=10s
    [记录] 12000/30000 wave=0 σ=6.43 t=12s
    [记录] 16000/30000 wave=0 σ=6.43 t=14s
    [记录] 20000/30000 wave=0 σ=6.43 t=15s
    [记录] 24000/30000 wave=10 σ=6.43 t=17s
    [记录] 28000/30000 wave=4 σ=6.43 t=19s

  雪崩统计: 零帧=49.8% max=31 mean=3.247

=================================================================
  [C.elegans|13|3r] G=2.0005 w_mean=0.999
  零帧: 49.8% ✓
  雪崩数: 1746 | 均尺寸: 55.8 | 均时长: 16.2 ✓
  多步雪崩: 100.0% ✓
  τ_size=1.514 R²=0.131 p=0.73 ✗
  τ_dur=7.481 R²=0.885 (理论=1.257 误差=495%) ✗
  τ缩放: ✗ (误差495%)
  κ=1.0832±0.399 ✓
  PSD=-1.612 R²=0.500 ✗
  解码=0.5901 ✓
  LR(PL>LN)=567.0
  得分: 5/9
  =================================================================


-> Human_HCP | seed=42 | 3-rules
  [Human_HCP|42] N=400 E=320 I=80 | 感觉=60 运动=108
  λ_stim=0.25 T_on=80 | 适应8000→解码2000→记录30000
    [adapt] 0/10000 σ=14.14 edges=3035 w_mean=0.183 n_act=3 t=0s
    [adapt] 4000/10000 σ=13.09 edges=3033 w_mean=0.849 n_act=6 t=5s
    [decode] 8000/10000 σ=10.25 edges=3002 w_mean=1.000 n_act=3 t=9s

  三阶段完成: edges=2974 σ=8.47 w_mean=0.999
  输出解码: 0.3526 (✓)
  ★ 稳态权重归一化: 0.999 → 0.010 (缩放0.500倍)  文献: Turrigiano 2012

  步骤1: κ校准...
    κ校准 iter=1: G=2.00050 → κ=0.9868
    ✅ G=2.00050, κ=0.9868

  步骤2: 雪崩尺寸校准...

    ★ 尺寸校准（目标mean_size∈[5,80]）
    尺寸校准 iter=1: G=2.00050 → mean_size=138.5 zero=50% n_av=23
    尺寸校准 iter=2: G=1.33367 → mean_size=52.9 zero=33% n_av=41
    ✅ 尺寸达标: G=1.33367, mean_size=52.9
  最终G=1.33367, 校准mean_size=52.9

  ★ 记录阶段（30000步，G_final=1.3337）...
    [记录] 0/30000 wave=0 σ=8.47 t=14s
    [记录] 4000/30000 wave=1 σ=8.47 t=17s
    [记录] 8000/30000 wave=11 σ=8.47 t=19s
    [记录] 12000/30000 wave=0 σ=8.47 t=22s
    [记录] 16000/30000 wave=0 σ=8.47 t=25s
    [记录] 20000/30000 wave=0 σ=8.47 t=28s
    [记录] 24000/30000 wave=10 σ=8.47 t=31s
    [记录] 28000/30000 wave=1 σ=8.47 t=34s

  雪崩统计: 零帧=44.0% max=33 mean=3.682

=================================================================
  [Human_HCP|42|3r] G=1.3337 w_mean=0.999
  零帧: 44.0% ✓
  雪崩数: 1920 | 均尺寸: 57.5 | 均时长: 16.1 ✓
  多步雪崩: 100.0% ✓
  τ_size=1.490 R²=0.156 p=0.75 ✗
  τ_dur=6.679 R²=0.735 (理论=1.245 误差=437%) ✗
  τ缩放: ✗ (误差437%)
  κ=1.0625±0.443 ✓
  PSD=-1.642 R²=0.516 ✗
  解码=0.3526 ✓
  LR(PL>LN)=388.5
  得分: 5/9
  =================================================================


-> Human_HCP | seed=7 | 3-rules
  [Human_HCP|7] N=400 E=320 I=80 | 感觉=60 运动=108
  λ_stim=0.25 T_on=80 | 适应8000→解码2000→记录30000
    [adapt] 0/10000 σ=14.39 edges=2973 w_mean=0.183 n_act=2 t=0s
    [adapt] 4000/10000 σ=12.12 edges=2972 w_mean=0.860 n_act=5 t=4s
    [decode] 8000/10000 σ=7.49 edges=2936 w_mean=1.000 n_act=4 t=9s

  三阶段完成: edges=2911 σ=5.82 w_mean=0.999
  输出解码: 0.5015 (✓)
  ★ 稳态权重归一化: 0.999 → 0.010 (缩放0.500倍)  文献: Turrigiano 2012

  步骤1: κ校准...
    κ校准 iter=1: G=2.00050 → κ=0.9842
    ✅ G=2.00050, κ=0.9842

  步骤2: 雪崩尺寸校准...

    ★ 尺寸校准（目标mean_size∈[5,80]）
    尺寸校准 iter=1: G=2.00050 → mean_size=149.9 zero=49% n_av=21
    尺寸校准 iter=2: G=1.33367 → mean_size=80.5 zero=36% n_av=24
    κ约束：κ=0.635超出范围，小步调整G→1.13362
    尺寸校准 iter=3: G=1.13362 → mean_size=19.9 zero=59% n_av=38
    ✅ 尺寸达标: G=1.13362, mean_size=19.9
  最终G=1.13362, 校准mean_size=19.9

  ★ 记录阶段（30000步，G_final=1.1336）...
    [记录] 0/30000 wave=0 σ=5.82 t=14s
    [记录] 4000/30000 wave=5 σ=5.82 t=17s
    [记录] 8000/30000 wave=0 σ=5.82 t=19s
    [记录] 12000/30000 wave=0 σ=5.82 t=22s
    [记录] 16000/30000 wave=11 σ=5.82 t=25s
    [记录] 20000/30000 wave=2 σ=5.82 t=28s
    [记录] 24000/30000 wave=0 σ=5.82 t=30s
    [记录] 28000/30000 wave=0 σ=5.82 t=33s

  雪崩统计: 零帧=48.4% max=23 mean=2.118

=================================================================
  [Human_HCP|7|3r] G=1.1336 w_mean=0.999
  零帧: 48.4% ✓
  雪崩数: 2340 | 均尺寸: 27.2 | 均时长: 12.3 ✓
  多步雪崩: 100.0% ✓
  τ_size=1.600 R²=0.121 p=0.81 ✓
  τ_dur=1.760 R²=0.052 (理论=1.300 误差=35%) ✗
  τ缩放: ✓ (误差35%)
  κ=1.1089±0.435 ✓
  PSD=-1.427 R²=0.466 ✓
  解码=0.5015 ✓
  LR(PL>LN)=329.1
  得分: 8/9
  =================================================================


-> Human_HCP | seed=13 | 3-rules
  [Human_HCP|13] N=400 E=320 I=80 | 感觉=60 运动=108
  λ_stim=0.25 T_on=80 | 适应8000→解码2000→记录30000
    [adapt] 0/10000 σ=14.13 edges=3019 w_mean=0.183 n_act=3 t=0s
    [adapt] 4000/10000 σ=13.34 edges=3019 w_mean=0.835 n_act=6 t=5s
    [decode] 8000/10000 σ=10.35 edges=2990 w_mean=0.999 n_act=1 t=9s

  三阶段完成: edges=2965 σ=8.45 w_mean=0.999
  输出解码: 0.5078 (✓)
  ★ 稳态权重归一化: 0.999 → 0.010 (缩放0.500倍)  文献: Turrigiano 2012

  步骤1: κ校准...
    κ校准 iter=1: G=2.00050 → κ=0.9826
    ✅ G=2.00050, κ=0.9826

  步骤2: 雪崩尺寸校准...

    ★ 尺寸校准（目标mean_size∈[5,80]）
    尺寸校准 iter=1: G=2.00050 → mean_size=115.4 zero=51% n_av=26
    尺寸校准 iter=2: G=1.33367 → mean_size=67.9 zero=61% n_av=20
    ✅ 尺寸达标: G=1.33367, mean_size=67.9
  最终G=1.33367, 校准mean_size=67.9

  ★ 记录阶段（30000步，G_final=1.3337）...
    [记录] 0/30000 wave=0 σ=8.45 t=14s
    [记录] 4000/30000 wave=1 σ=8.45 t=16s
    [记录] 8000/30000 wave=18 σ=8.45 t=19s
    [记录] 12000/30000 wave=4 σ=8.45 t=22s
    [记录] 16000/30000 wave=0 σ=8.45 t=25s
    [记录] 20000/30000 wave=0 σ=8.45 t=28s
    [记录] 24000/30000 wave=2 σ=8.45 t=31s
    [记录] 28000/30000 wave=10 σ=8.45 t=34s

  雪崩统计: 零帧=46.9% max=32 mean=3.514

=================================================================
  [Human_HCP|13|3r] G=1.3337 w_mean=0.999
  零帧: 46.9% ✓
  雪崩数: 1904 | 均尺寸: 55.4 | 均时长: 16.1 ✓
  多步雪崩: 100.0% ✓
  τ_size=1.500 R²=0.139 p=0.75 ✗
  τ_dur=6.979 R²=0.780 (理论=1.250 误差=458%) ✗
  τ缩放: ✗ (误差458%)
  κ=1.1174±0.495 ✓
  PSD=-1.648 R²=0.511 ✗
  解码=0.5078 ✓
  LR(PL>LN)=399.4
  得分: 5/9
  =================================================================


-> WS_Control | seed=42 | 3-rules
  [WS_Control|42] N=279 E=224 I=55 | 感觉=60 运动=108
  λ_stim=0.25 T_on=80 | 适应8000→解码2000→记录30000
    [adapt] 0/10000 σ=12.21 edges=1701 w_mean=0.184 n_act=3 t=0s
    [adapt] 4000/10000 σ=9.17 edges=1701 w_mean=0.853 n_act=3 t=3s
    [decode] 8000/10000 σ=6.57 edges=1684 w_mean=0.999 n_act=2 t=5s

  三阶段完成: edges=1667 σ=5.37 w_mean=0.999
  输出解码: 0.4645 (✓)
  ★ 稳态权重归一化: 0.999 → 0.012 (缩放0.500倍)  文献: Turrigiano 2012

  步骤1: κ校准...
    κ校准 iter=1: G=2.00050 → κ=0.9620
    ✅ G=2.00050, κ=0.9620

  步骤2: 雪崩尺寸校准...

    ★ 尺寸校准（目标mean_size∈[5,80]）
    尺寸校准 iter=1: G=2.00050 → mean_size=50.9 zero=52% n_av=34
    ✅ 尺寸达标: G=2.00050, mean_size=50.9
  最终G=2.00050, 校准mean_size=50.9

  ★ 记录阶段（30000步，G_final=2.0005）...
    [记录] 0/30000 wave=0 σ=5.37 t=7s
    [记录] 4000/30000 wave=0 σ=5.37 t=9s
    [记录] 8000/30000 wave=0 σ=5.37 t=11s
    [记录] 12000/30000 wave=0 σ=5.37 t=12s
    [记录] 16000/30000 wave=10 σ=5.37 t=14s
    [记录] 20000/30000 wave=20 σ=5.37 t=16s
    [记录] 24000/30000 wave=0 σ=5.37 t=18s
    [记录] 28000/30000 wave=0 σ=5.37 t=20s

  雪崩统计: 零帧=52.7% max=33 mean=3.462

=================================================================
  [WS_Control|42|3r] G=2.0005 w_mean=0.999
  零帧: 52.7% ✓
  雪崩数: 1657 | 均尺寸: 62.7 | 均时长: 16.6 ✓
  多步雪崩: 100.0% ✓
  τ_size=1.474 R²=0.103 p=0.73 ✗
  τ_dur=7.169 R²=0.851 (理论=1.237 误差=480%) ✗
  τ缩放: ✗ (误差480%)
  κ=1.0900±0.439 ✓
  PSD=-1.645 R²=0.504 ✗
  解码=0.4645 ✓
  LR(PL>LN)=479.8
  得分: 5/9
  =================================================================


-> WS_Control | seed=7 | 3-rules
  [WS_Control|7] N=279 E=224 I=55 | 感觉=60 运动=108
  λ_stim=0.25 T_on=80 | 适应8000→解码2000→记录30000
    [adapt] 0/10000 σ=11.13 edges=1672 w_mean=0.182 n_act=2 t=0s
    [adapt] 4000/10000 σ=8.23 edges=1670 w_mean=0.814 n_act=2 t=3s
    [decode] 8000/10000 σ=5.80 edges=1651 w_mean=0.999 n_act=4 t=5s

  三阶段完成: edges=1634 σ=4.70 w_mean=0.999
  输出解码: 0.5175 (✓)
  ★ 稳态权重归一化: 0.999 → 0.011 (缩放0.501倍)  文献: Turrigiano 2012

  步骤1: κ校准...
    κ校准 iter=1: G=2.00050 → κ=0.9761
    ✅ G=2.00050, κ=0.9761

  步骤2: 雪崩尺寸校准...

    ★ 尺寸校准（目标mean_size∈[5,80]）
    尺寸校准 iter=1: G=2.00050 → mean_size=64.2 zero=61% n_av=23
    ✅ 尺寸达标: G=2.00050, mean_size=64.2
  最终G=2.00050, 校准mean_size=64.2

  ★ 记录阶段（30000步，G_final=2.0005）...
    [记录] 0/30000 wave=0 σ=4.70 t=7s
    [记录] 4000/30000 wave=1 σ=4.70 t=9s
    [记录] 8000/30000 wave=0 σ=4.70 t=11s
    [记录] 12000/30000 wave=3 σ=4.70 t=12s
    [记录] 16000/30000 wave=0 σ=4.70 t=14s
    [记录] 20000/30000 wave=0 σ=4.70 t=16s
    [记录] 24000/30000 wave=0 σ=4.70 t=18s
    [记录] 28000/30000 wave=12 σ=4.70 t=20s

  雪崩统计: 零帧=53.3% max=35 mean=3.359

=================================================================
  [WS_Control|7|3r] G=2.0005 w_mean=0.999
  零帧: 53.3% ✓
  雪崩数: 1711 | 均尺寸: 58.9 | 均时长: 15.7 ✓
  多步雪崩: 100.0% ✓
  τ_size=1.504 R²=0.108 p=0.73 ✗
  τ_dur=7.761 R²=0.771 (理论=1.252 误差=520%) ✗
  τ缩放: ✗ (误差520%)
  κ=1.0995±0.489 ✓
  PSD=-1.670 R²=0.511 ✗
  解码=0.5175 ✓
  LR(PL>LN)=557.4
  得分: 5/9
  =================================================================


-> WS_Control | seed=13 | 3-rules
  [WS_Control|13] N=279 E=224 I=55 | 感觉=60 运动=108
  λ_stim=0.25 T_on=80 | 适应8000→解码2000→记录30000
    [adapt] 0/10000 σ=11.26 edges=1656 w_mean=0.184 n_act=3 t=0s
    [adapt] 4000/10000 σ=9.65 edges=1656 w_mean=0.818 n_act=11 t=3s
    [decode] 8000/10000 σ=7.16 edges=1632 w_mean=0.999 n_act=2 t=5s

  三阶段完成: edges=1612 σ=5.54 w_mean=0.999
  输出解码: 0.4528 (✓)
  ★ 稳态权重归一化: 0.999 → 0.011 (缩放0.501倍)  文献: Turrigiano 2012

  步骤1: κ校准...
    κ校准 iter=1: G=2.00050 → κ=0.9686
    ✅ G=2.00050, κ=0.9686

  步骤2: 雪崩尺寸校准...

    ★ 尺寸校准（目标mean_size∈[5,80]）
    尺寸校准 iter=1: G=2.00050 → mean_size=50.0 zero=51% n_av=31
    ✅ 尺寸达标: G=2.00050, mean_size=50.0
  最终G=2.00050, 校准mean_size=50.0

  ★ 记录阶段（30000步，G_final=2.0005）...
    [记录] 0/30000 wave=0 σ=5.54 t=7s
    [记录] 4000/30000 wave=0 σ=5.54 t=9s
    [记录] 8000/30000 wave=19 σ=5.54 t=11s
    [记录] 12000/30000 wave=12 σ=5.54 t=12s
    [记录] 16000/30000 wave=5 σ=5.54 t=14s
    [记录] 20000/30000 wave=0 σ=5.54 t=16s
    [记录] 24000/30000 wave=13 σ=5.54 t=17s
    [记录] 28000/30000 wave=1 σ=5.54 t=19s

  雪崩统计: 零帧=49.1% max=29 mean=3.213

=================================================================
  [WS_Control|13|3r] G=2.0005 w_mean=0.999
  零帧: 49.1% ✓
  雪崩数: 1804 | 均尺寸: 53.4 | 均时长: 15.7 ✓
  多步雪崩: 100.0% ✓
  τ_size=1.527 R²=0.233 p=0.75 ✗
  τ_dur=7.302 R²=0.817 (理论=1.263 误差=478%) ✗
  τ缩放: ✗ (误差478%)
  κ=1.0760±0.426 ✓
  PSD=-1.569 R²=0.479 ✗
  解码=0.4528 ✓
  LR(PL>LN)=596.9
  得分: 5/9
  =================================================================


[4-rules]

-> C.elegans | seed=42 | 4-rules
  [C.elegans|42] N=279 E=224 I=55 | 感觉=60 运动=108
  λ_stim=0.25 T_on=80 | 适应8000→解码2000→记录30000
    [adapt] 0/10000 σ=12.54 edges=1686 w_mean=0.183 n_act=3 t=0s
    [adapt] 4000/10000 σ=13.25 edges=1047 w_mean=0.840 n_act=3 t=3s
    [decode] 8000/10000 σ=11.32 edges=994 w_mean=1.000 n_act=3 t=5s

  三阶段完成: edges=992 σ=10.75 w_mean=0.999
  输出解码: 0.5380 (✓)
  ★ 稳态权重归一化: 0.999 → 0.007 (缩放0.501倍)  文献: Turrigiano 2012

  步骤1: κ校准...
    κ校准 iter=1: G=2.00050 → κ=0.6320
    κ校准 iter=2: G=3.00025 → κ=0.9173
    ✅ G=3.00025, κ=0.9173

  步骤2: 雪崩尺寸校准...

    ★ 尺寸校准（目标mean_size∈[5,80]）
    尺寸校准 iter=1: G=3.00025 → mean_size=20.3 zero=49% n_av=46
    ✅ 尺寸达标: G=3.00025, mean_size=20.3
  最终G=3.00025, 校准mean_size=20.3

  ★ 记录阶段（30000步，G_final=3.0003）...
    [记录] 0/30000 wave=0 σ=10.75 t=8s
    [记录] 4000/30000 wave=1 σ=10.75 t=10s
    [记录] 8000/30000 wave=15 σ=10.75 t=12s
    [记录] 12000/30000 wave=8 σ=10.75 t=15s
    [记录] 16000/30000 wave=4 σ=10.75 t=17s
    [记录] 20000/30000 wave=0 σ=10.75 t=20s
    [记录] 24000/30000 wave=5 σ=10.75 t=23s
    [记录] 28000/30000 wave=8 σ=10.75 t=25s

  雪崩统计: 零帧=45.5% max=19 mean=2.139

=================================================================
  [C.elegans|42|4r] G=3.0003 w_mean=0.999
  零帧: 45.5% ✓
  雪崩数: 2389 | 均尺寸: 26.9 | 均时长: 11.6 ✓
  多步雪崩: 100.0% ✓
  τ_size=1.587 R²=0.089 p=0.80 ✓
  τ_dur=1.825 R²=0.108 (理论=1.294 误差=41%) ✗
  τ缩放: ✗ (误差41%)
  κ=1.1396±0.548 ✓
  PSD=-1.352 R²=0.422 ✓
  解码=0.5380 ✓
  LR(PL>LN)=319.2
  得分: 7/9
  =================================================================


-> C.elegans | seed=7 | 4-rules
  [C.elegans|7] N=279 E=224 I=55 | 感觉=60 运动=108
  λ_stim=0.25 T_on=80 | 适应8000→解码2000→记录30000
    [adapt] 0/10000 σ=13.05 edges=1668 w_mean=0.184 n_act=2 t=0s
    [adapt] 4000/10000 σ=12.14 edges=1037 w_mean=0.853 n_act=2 t=3s
    [decode] 8000/10000 σ=9.85 edges=985 w_mean=0.999 n_act=3 t=5s

  三阶段完成: edges=983 σ=9.51 w_mean=0.999
  输出解码: 0.4139 (✓)
  ★ 稳态权重归一化: 0.999 → 0.007 (缩放0.500倍)  文献: Turrigiano 2012

  步骤1: κ校准...
    κ校准 iter=1: G=2.00050 → κ=0.5493
    κ校准 iter=2: G=3.00025 → κ=0.9286
    ✅ G=3.00025, κ=0.9286

  步骤2: 雪崩尺寸校准...

    ★ 尺寸校准（目标mean_size∈[5,80]）
    尺寸校准 iter=1: G=3.00025 → mean_size=23.1 zero=66% n_av=26
    ✅ 尺寸达标: G=3.00025, mean_size=23.1
  最终G=3.00025, 校准mean_size=23.1

  ★ 记录阶段（30000步，G_final=3.0003）...
    [记录] 0/30000 wave=0 σ=9.51 t=8s
    [记录] 4000/30000 wave=0 σ=9.51 t=10s
    [记录] 8000/30000 wave=0 σ=9.51 t=12s
    [记录] 12000/30000 wave=0 σ=9.51 t=15s
    [记录] 16000/30000 wave=1 σ=9.51 t=17s
    [记录] 20000/30000 wave=1 σ=9.51 t=20s
    [记录] 24000/30000 wave=0 σ=9.51 t=23s
    [记录] 28000/30000 wave=0 σ=9.51 t=26s

  雪崩统计: 零帧=46.4% max=23 mean=2.116

=================================================================
  [C.elegans|7|4r] G=3.0003 w_mean=0.999
  零帧: 46.4% ✓
  雪崩数: 2366 | 均尺寸: 26.8 | 均时长: 12.1 ✓
  多步雪崩: 100.0% ✓
  τ_size=1.582 R²=0.115 p=0.81 ✓
  τ_dur=1.748 R²=0.002 (理论=1.291 误差=35%) ✗
  τ缩放: ✓ (误差35%)
  κ=1.0801±0.444 ✓
  PSD=-1.367 R²=0.425 ✓
  解码=0.4139 ✓
  LR(PL>LN)=307.1
  得分: 8/9
  =================================================================


-> C.elegans | seed=13 | 4-rules
  [C.elegans|13] N=279 E=224 I=55 | 感觉=60 运动=108
  λ_stim=0.25 T_on=80 | 适应8000→解码2000→记录30000
    [adapt] 0/10000 σ=12.38 edges=1675 w_mean=0.184 n_act=3 t=0s
    [adapt] 4000/10000 σ=12.95 edges=1039 w_mean=0.835 n_act=5 t=3s
    [decode] 8000/10000 σ=10.30 edges=997 w_mean=0.999 n_act=3 t=5s

  三阶段完成: edges=994 σ=9.24 w_mean=0.999
  输出解码: 0.5501 (✓)
  ★ 稳态权重归一化: 0.999 → 0.007 (缩放0.500倍)  文献: Turrigiano 2012

  步骤1: κ校准...
    κ校准 iter=1: G=2.00050 → κ=0.6218
    κ校准 iter=2: G=3.00025 → κ=0.9358
    ✅ G=3.00025, κ=0.9358

  步骤2: 雪崩尺寸校准...

    ★ 尺寸校准（目标mean_size∈[5,80]）
    尺寸校准 iter=1: G=3.00025 → mean_size=26.6 zero=49% n_av=38
    ✅ 尺寸达标: G=3.00025, mean_size=26.6
  最终G=3.00025, 校准mean_size=26.6

  ★ 记录阶段（30000步，G_final=3.0003）...
    [记录] 0/30000 wave=0 σ=9.24 t=8s
    [记录] 4000/30000 wave=4 σ=9.24 t=10s
    [记录] 8000/30000 wave=0 σ=9.24 t=13s
    [记录] 12000/30000 wave=0 σ=9.24 t=15s
    [记录] 16000/30000 wave=9 σ=9.24 t=18s
    [记录] 20000/30000 wave=1 σ=9.24 t=21s
    [记录] 24000/30000 wave=5 σ=9.24 t=24s
    [记录] 28000/30000 wave=5 σ=9.24 t=27s

  雪崩统计: 零帧=44.8% max=21 mean=2.409

=================================================================
  [C.elegans|13|4r] G=3.0003 w_mean=0.999
  零帧: 44.8% ✓
  雪崩数: 2271 | 均尺寸: 31.8 | 均时长: 13.5 ✓
  多步雪崩: 100.0% ✓
  τ_size=1.495 R²=0.122 p=0.76 ✗
  τ_dur=4.381 R²=0.481 (理论=1.248 误差=251%) ✗
  τ缩放: ✗ (误差251%)
  κ=1.0440±0.392 ✓
  PSD=-1.443 R²=0.454 ✓
  解码=0.5501 ✓
  LR(PL>LN)=172.4
  得分: 6/9
  =================================================================


-> Human_HCP | seed=42 | 4-rules
  [Human_HCP|42] N=400 E=320 I=80 | 感觉=60 运动=108
  λ_stim=0.25 T_on=80 | 适应8000→解码2000→记录30000
    [adapt] 0/10000 σ=14.14 edges=3035 w_mean=0.183 n_act=3 t=0s
    [adapt] 4000/10000 σ=15.98 edges=1683 w_mean=0.836 n_act=4 t=5s
    [decode] 8000/10000 σ=15.16 edges=1560 w_mean=1.000 n_act=3 t=9s

  三阶段完成: edges=1556 σ=14.59 w_mean=0.999
  输出解码: 0.4893 (✓)
  ★ 稳态权重归一化: 0.999 → 0.006 (缩放0.501倍)  文献: Turrigiano 2012

  步骤1: κ校准...
    κ校准 iter=1: G=2.00050 → κ=0.5882
    κ校准 iter=2: G=3.00025 → κ=0.9523
    ✅ G=3.00025, κ=0.9523

  步骤2: 雪崩尺寸校准...

    ★ 尺寸校准（目标mean_size∈[5,80]）
    尺寸校准 iter=1: G=3.00025 → mean_size=33.8 zero=43% n_av=38
    ✅ 尺寸达标: G=3.00025, mean_size=33.8
  最终G=3.00025, 校准mean_size=33.8

  ★ 记录阶段（30000步，G_final=3.0003）...
    [记录] 0/30000 wave=0 σ=14.59 t=14s
    [记录] 4000/30000 wave=1 σ=14.59 t=19s
    [记录] 8000/30000 wave=0 σ=14.59 t=24s
    [记录] 12000/30000 wave=1 σ=14.59 t=29s
    [记录] 16000/30000 wave=0 σ=14.59 t=33s
    [记录] 20000/30000 wave=7 σ=14.59 t=39s
    [记录] 24000/30000 wave=5 σ=14.59 t=44s
    [记录] 28000/30000 wave=2 σ=14.59 t=49s

  雪崩统计: 零帧=43.6% max=30 mean=2.926

=================================================================
  [Human_HCP|42|4r] G=3.0003 w_mean=0.999
  零帧: 43.6% ✓
  雪崩数: 2125 | 均尺寸: 41.3 | 均时长: 14.5 ✓
  多步雪崩: 100.0% ✓
  τ_size=1.504 R²=0.081 p=0.76 ✗
  τ_dur=1.784 R²=0.038 (理论=1.252 误差=42%) ✗
  τ缩放: ✗ (误差42%)
  κ=1.0753±0.417 ✓
  PSD=-1.473 R²=0.467 ✓
  解码=0.4893 ✓
  LR(PL>LN)=265.3
  得分: 6/9
  =================================================================


-> Human_HCP | seed=7 | 4-rules
  [Human_HCP|7] N=400 E=320 I=80 | 感觉=60 运动=108
  λ_stim=0.25 T_on=80 | 适应8000→解码2000→记录30000
    [adapt] 0/10000 σ=14.39 edges=2973 w_mean=0.183 n_act=2 t=0s
    [adapt] 4000/10000 σ=12.55 edges=1685 w_mean=0.850 n_act=1 t=5s
    [decode] 8000/10000 σ=9.74 edges=1527 w_mean=1.000 n_act=2 t=9s

  三阶段完成: edges=1522 σ=8.77 w_mean=0.999
  输出解码: 0.4991 (✓)
  ★ 稳态权重归一化: 0.999 → 0.006 (缩放0.500倍)  文献: Turrigiano 2012

  步骤1: κ校准...
    κ校准 iter=1: G=2.00050 → κ=0.4913
    κ校准 iter=2: G=3.00025 → κ=0.9484
    ✅ G=3.00025, κ=0.9484

  步骤2: 雪崩尺寸校准...

    ★ 尺寸校准（目标mean_size∈[5,80]）
    尺寸校准 iter=1: G=3.00025 → mean_size=39.7 zero=41% n_av=32
    ✅ 尺寸达标: G=3.00025, mean_size=39.7
  最终G=3.00025, 校准mean_size=39.7

  ★ 记录阶段（30000步，G_final=3.0003）...
    [记录] 0/30000 wave=0 σ=8.77 t=14s
    [记录] 4000/30000 wave=2 σ=8.77 t=19s
    [记录] 8000/30000 wave=0 σ=8.77 t=23s
    [记录] 12000/30000 wave=0 σ=8.77 t=28s
    [记录] 16000/30000 wave=7 σ=8.77 t=32s
    [记录] 20000/30000 wave=2 σ=8.77 t=37s
    [记录] 24000/30000 wave=6 σ=8.77 t=42s
    [记录] 28000/30000 wave=3 σ=8.77 t=47s

  雪崩统计: 零帧=44.7% max=25 mean=2.687

=================================================================
  [Human_HCP|7|4r] G=3.0003 w_mean=0.999
  零帧: 44.7% ✓
  雪崩数: 2105 | 均尺寸: 38.3 | 均时长: 14.4 ✓
  多步雪崩: 100.0% ✓
  τ_size=1.523 R²=0.172 p=0.78 ✗
  τ_dur=1.757 R²=0.059 (理论=1.262 误差=39%) ✗
  τ缩放: ✓ (误差39%)
  κ=1.1007±0.484 ✓
  PSD=-1.473 R²=0.452 ✓
  解码=0.4991 ✓
  LR(PL>LN)=268.6
  得分: 7/9
  =================================================================


-> Human_HCP | seed=13 | 4-rules
  [Human_HCP|13] N=400 E=320 I=80 | 感觉=60 运动=108
  λ_stim=0.25 T_on=80 | 适应8000→解码2000→记录30000
    [adapt] 0/10000 σ=14.13 edges=3019 w_mean=0.183 n_act=3 t=0s
    [adapt] 4000/10000 σ=15.84 edges=1667 w_mean=0.889 n_act=4 t=5s
    [decode] 8000/10000 σ=16.18 edges=1527 w_mean=0.999 n_act=0 t=9s

  三阶段完成: edges=1522 σ=15.49 w_mean=0.999
  输出解码: 0.4625 (✓)
  ★ 稳态权重归一化: 0.999 → 0.006 (缩放0.500倍)  文献: Turrigiano 2012

  步骤1: κ校准...
    κ校准 iter=1: G=2.00050 → κ=0.7379
    κ校准 iter=2: G=3.00025 → κ=0.9515
    ✅ G=3.00025, κ=0.9515

  步骤2: 雪崩尺寸校准...

    ★ 尺寸校准（目标mean_size∈[5,80]）
    尺寸校准 iter=1: G=3.00025 → mean_size=39.4 zero=30% n_av=40
    ✅ 尺寸达标: G=3.00025, mean_size=39.4
  最终G=3.00025, 校准mean_size=39.4

  ★ 记录阶段（30000步，G_final=3.0003）...
    [记录] 0/30000 wave=0 σ=15.49 t=14s
    [记录] 4000/30000 wave=0 σ=15.49 t=19s
    [记录] 8000/30000 wave=0 σ=15.49 t=23s
    [记录] 12000/30000 wave=0 σ=15.49 t=28s
    [记录] 16000/30000 wave=0 σ=15.49 t=32s
    [记录] 20000/30000 wave=6 σ=15.49 t=37s
    [记录] 24000/30000 wave=9 σ=15.49 t=43s
    [记录] 28000/30000 wave=10 σ=15.49 t=48s

  雪崩统计: 零帧=43.5% max=26 mean=2.820

=================================================================
  [Human_HCP|13|4r] G=3.0003 w_mean=0.999
  零帧: 43.5% ✓
  雪崩数: 2154 | 均尺寸: 39.3 | 均时长: 14.6 ✓
  多步雪崩: 100.0% ✓
  τ_size=1.509 R²=0.122 p=0.77 ✗
  τ_dur=1.744 R²=0.107 (理论=1.255 误差=39%) ✗
  τ缩放: ✓ (误差39%)
  κ=1.0864±0.429 ✓
  PSD=-1.487 R²=0.464 ✓
  解码=0.4625 ✓
  LR(PL>LN)=261.5
  得分: 7/9
  =================================================================


-> WS_Control | seed=42 | 4-rules
  [WS_Control|42] N=279 E=224 I=55 | 感觉=60 运动=108
  λ_stim=0.25 T_on=80 | 适应8000→解码2000→记录30000
    [adapt] 0/10000 σ=12.21 edges=1701 w_mean=0.184 n_act=3 t=0s
    [adapt] 4000/10000 σ=11.04 edges=1051 w_mean=0.838 n_act=3 t=3s
    [decode] 8000/10000 σ=8.94 edges=994 w_mean=1.000 n_act=1 t=5s

  三阶段完成: edges=992 σ=8.32 w_mean=0.999
  输出解码: 0.5161 (✓)
  ★ 稳态权重归一化: 0.999 → 0.007 (缩放0.500倍)  文献: Turrigiano 2012

  步骤1: κ校准...
    κ校准 iter=1: G=2.00050 → κ=0.5910
    κ校准 iter=2: G=3.00025 → κ=0.9331
    ✅ G=3.00025, κ=0.9331

  步骤2: 雪崩尺寸校准...

    ★ 尺寸校准（目标mean_size∈[5,80]）
    尺寸校准 iter=1: G=3.00025 → mean_size=34.3 zero=54% n_av=31
    ✅ 尺寸达标: G=3.00025, mean_size=34.3
  最终G=3.00025, 校准mean_size=34.3

  ★ 记录阶段（30000步，G_final=3.0003）...
    [记录] 0/30000 wave=0 σ=8.32 t=8s
    [记录] 4000/30000 wave=0 σ=8.32 t=11s
    [记录] 8000/30000 wave=0 σ=8.32 t=13s
    [记录] 12000/30000 wave=0 σ=8.32 t=16s
    [记录] 16000/30000 wave=4 σ=8.32 t=19s
    [记录] 20000/30000 wave=9 σ=8.32 t=22s
    [记录] 24000/30000 wave=0 σ=8.32 t=25s
    [记录] 28000/30000 wave=7 σ=8.32 t=29s

  雪崩统计: 零帧=46.0% max=25 mean=2.573

=================================================================
  [WS_Control|42|4r] G=3.0003 w_mean=0.999
  零帧: 46.0% ✓
  雪崩数: 2225 | 均尺寸: 34.7 | 均时长: 13.7 ✓
  多步雪崩: 100.0% ✓
  τ_size=1.558 R²=0.174 p=0.77 ✗
  τ_dur=5.251 R²=0.544 (理论=1.279 误差=311%) ✗
  τ缩放: ✗ (误差311%)
  κ=1.0936±0.444 ✓
  PSD=-1.475 R²=0.458 ✓
  解码=0.5161 ✓
  LR(PL>LN)=445.8
  得分: 6/9
  =================================================================


-> WS_Control | seed=7 | 4-rules
  [WS_Control|7] N=279 E=224 I=55 | 感觉=60 运动=108
  λ_stim=0.25 T_on=80 | 适应8000→解码2000→记录30000
    [adapt] 0/10000 σ=11.13 edges=1672 w_mean=0.182 n_act=2 t=0s
    [adapt] 4000/10000 σ=10.29 edges=1030 w_mean=0.800 n_act=1 t=3s
    [decode] 8000/10000 σ=8.84 edges=991 w_mean=0.998 n_act=4 t=5s

  三阶段完成: edges=991 σ=7.74 w_mean=0.999
  输出解码: 0.5330 (✓)
  ★ 稳态权重归一化: 0.999 → 0.007 (缩放0.500倍)  文献: Turrigiano 2012

  步骤1: κ校准...
    κ校准 iter=1: G=2.00050 → κ=0.6309
    κ校准 iter=2: G=3.00025 → κ=0.9619
    ✅ G=3.00025, κ=0.9619

  步骤2: 雪崩尺寸校准...

    ★ 尺寸校准（目标mean_size∈[5,80]）
    尺寸校准 iter=1: G=3.00025 → mean_size=42.6 zero=55% n_av=22
    ✅ 尺寸达标: G=3.00025, mean_size=42.6
  最终G=3.00025, 校准mean_size=42.6

  ★ 记录阶段（30000步，G_final=3.0003）...
    [记录] 0/30000 wave=0 σ=7.74 t=8s
    [记录] 4000/30000 wave=0 σ=7.74 t=10s
    [记录] 8000/30000 wave=2 σ=7.74 t=13s
    [记录] 12000/30000 wave=0 σ=7.74 t=15s
    [记录] 16000/30000 wave=2 σ=7.74 t=18s
    [记录] 20000/30000 wave=0 σ=7.74 t=21s
    [记录] 24000/30000 wave=0 σ=7.74 t=24s
    [记录] 28000/30000 wave=9 σ=7.74 t=27s

  雪崩统计: 零帧=48.5% max=24 mean=2.402

=================================================================
  [WS_Control|7|4r] G=3.0003 w_mean=0.999
  零帧: 48.5% ✓
  雪崩数: 2080 | 均尺寸: 34.6 | 均时长: 13.6 ✓
  多步雪崩: 100.0% ✓
  τ_size=1.542 R²=0.178 p=0.75 ✗
  τ_dur=5.974 R²=0.760 (理论=1.271 误差=370%) ✗
  τ缩放: ✗ (误差370%)
  κ=1.1005±0.439 ✓
  PSD=-1.503 R²=0.467 ✗
  解码=0.5330 ✓
  LR(PL>LN)=392.5
  得分: 5/9
  =================================================================


-> WS_Control | seed=13 | 4-rules
  [WS_Control|13] N=279 E=224 I=55 | 感觉=60 运动=108
  λ_stim=0.25 T_on=80 | 适应8000→解码2000→记录30000
    [adapt] 0/10000 σ=11.26 edges=1656 w_mean=0.184 n_act=3 t=0s
    [adapt] 4000/10000 σ=10.07 edges=1013 w_mean=0.863 n_act=5 t=3s
    [decode] 8000/10000 σ=7.69 edges=977 w_mean=0.999 n_act=2 t=5s

  三阶段完成: edges=977 σ=7.19 w_mean=0.999
  输出解码: 0.3795 (✓)
  ★ 稳态权重归一化: 0.999 → 0.007 (缩放0.501倍)  文献: Turrigiano 2012

  步骤1: κ校准...
    κ校准 iter=1: G=2.00050 → κ=0.6738
    κ校准 iter=2: G=3.00025 → κ=0.9171
    ✅ G=3.00025, κ=0.9171

  步骤2: 雪崩尺寸校准...

    ★ 尺寸校准（目标mean_size∈[5,80]）
    尺寸校准 iter=1: G=3.00025 → mean_size=38.3 zero=44% n_av=33
    ✅ 尺寸达标: G=3.00025, mean_size=38.3
  最终G=3.00025, 校准mean_size=38.3

  ★ 记录阶段（30000步，G_final=3.0003）...
    [记录] 0/30000 wave=0 σ=7.19 t=8s
    [记录] 4000/30000 wave=1 σ=7.19 t=10s
    [记录] 8000/30000 wave=1 σ=7.19 t=13s
    [记录] 12000/30000 wave=0 σ=7.19 t=15s
    [记录] 16000/30000 wave=0 σ=7.19 t=18s
    [记录] 20000/30000 wave=0 σ=7.19 t=21s
    [记录] 24000/30000 wave=0 σ=7.19 t=24s
    [记录] 28000/30000 wave=5 σ=7.19 t=27s

  雪崩统计: 零帧=47.7% max=20 mean=2.269

=================================================================
  [WS_Control|13|4r] G=3.0003 w_mean=0.999
  零帧: 47.7% ✓
  雪崩数: 2207 | 均尺寸: 30.8 | 均时长: 12.7 ✓
  多步雪崩: 100.0% ✓
  τ_size=1.590 R²=0.165 p=0.75 ✗
  τ_dur=1.751 R²=0.072 (理论=1.295 误差=35%) ✗
  τ缩放: ✓ (误差35%)
  κ=1.0845±0.458 ✓
  PSD=-1.409 R²=0.437 ✓
  解码=0.3795 ✓
  LR(PL>LN)=470.5
  得分: 7/9
  =================================================================

/home/work/.openclaw/workspace/sdi_sim/sdi_experiment5_v13.py:1056: UserWarning: No artists with labels found to put in legend.  Note that artists whose label start with an underscore are ignored when legend() is called with no argument.
  ax2.tick_params(labelsize=6); ax2.legend(fontsize=5)

Saved: /home/work/.openclaw/workspace/sdi_sim/exp5_v13_avalanche_results.json
Figure: /home/work/.openclaw/workspace/sdi_sim/exp5_v13_avalanche_results.png

======================================================================
Summary v12
======================================================================

Group                        G_f    ms     κ      τ_s    τ_d    se%    PSD    dec    zero   Score
----------------------------------------------------------------------------------------------------
C.elegans_3-rules            1.778  42.8   1.091  1.61   5.59   340%  -1.49  0.534  52%   6.0/9
C.elegans_4-rules            3.000  28.5   1.088  1.55   2.65   109%  -1.39  0.501  46%   7.0/9
Human_HCP_3-rules            1.267  46.7   1.096  1.53   5.14   310%  -1.57  0.454  46%   6.0/9
Human_HCP_4-rules            3.000  39.6   1.087  1.51   1.76   40%  -1.48  0.484  44%   6.7/9
WS_Control_3-rules           2.001  58.3   1.088  1.50   7.41   492%  -1.63  0.478  52%   5.0/9
WS_Control_4-rules           3.000  33.4   1.093  1.56   4.33   239%  -1.46  0.476  47%   6.0/9

Best: C.elegans | 3-rules | seed=7
  tau_s=1.796  tau_d=2.034  kappa=1.113
  G_final=1.3337  mean_size=12.4
  decode=0.4907  score=8/9

Total: 553s (9.2min)
v12 complete.
