
============================================================
  iNEST + TCC Research Pipeline v3.3
  2026-07-19 11:53
============================================================
[11:53:59] [S2] Searching Semantic Scholar (19 queries)...
[11:54:02]   S2: 429 rate limited; skip S2 for this run and continue with arXiv/GN
[11:54:02] [arXiv] Searching arXiv (via proxy, 19 queries)...
[11:54:43]   鐠哄疇绻?瀵京娴夐崗?: CoTu at EXACT 2026: Neuro-Symbolic Reasoning for T...
[11:54:49]   鐠哄疇绻?瀵京娴夐崗?: The topology of the magnetic field in Abell 2255 o...
[11:54:57]   Insight [1/3]: Inherent interpretability provides inherent value ...
[11:55:07]   Insight [1/3]: Low-Latency Relay Selection in NR-V2X Vehicular Co...
[11:55:41]   鐠哄疇绻?瀵京娴夐崗?: CLIP-3D: Closed-Loop Evaluation of Performance and...
[11:55:49]   鐠哄疇绻?瀵京娴夐崗?: Instance-Enriched Semantic Maps for Visual Languag...
[11:56:05]   鐠哄疇绻?瀵京娴夐崗?: Dynamic Entanglement Distribution for Multi-User a...
[11:56:13]   鐠哄疇绻?瀵京娴夐崗?: Mech: Mechanised Choreographic Programming...
[11:56:22]   鐠哄疇绻?瀵京娴夐崗?: Hybrid Symmetry Breaking for Chiral Quasi-Bound St...
[11:56:30]   Insight [2/3]: Spatially multiplexed concentric discrete optical ...
[11:56:39]   Insight [2/3]: Optimization dynamics of Transformer backflow neur...
[11:56:53]   Insight [1/3]: Observers, local measurements, and topology...
[11:57:02]   鐠哄疇绻?瀵京娴夐崗?: A Geometric Theory of Fermion-to-Qubit Encodings...
[11:57:12]   鐠哄疇绻?瀵京娴夐崗?: Moment Optimization in the Navascués-Pironio-Acín ...
[11:57:20]   Insight [1/3]: Bosonic SPT and invertible phases and its relation...
[11:57:30]   Insight [3/3]: Moment-Resolved Readout and Reservoir Diversity in...
[11:57:41]   鐠哄疇绻?瀵京娴夐崗?: Assessing Risks of Hydro-Generator Shaft Fatigue f...
