
============================================================
  iNEST + TCC Research Pipeline v3.3
  2026-09-15 13:20
============================================================
[13:20:58] [S2] Searching Semantic Scholar (19 queries)...
[13:20:58]   S2: 429 rate limited; skip S2 for this run and continue with arXiv/GN
[13:20:58] [arXiv] Searching arXiv (via proxy, 21 queries)...
[13:21:10]   arXiv TCC-scale-noc: 429 rate limit, waiting 15s (exponential backoff)...
[13:21:43]   arXiv TCC-scale-noc: 429 rate limit, waiting 30s (exponential backoff)...
[13:22:46]   arXiv TCC-scale-noc: The read operation timed out, giving up
[14:23:48]   arXiv TCC-wafer-chiplet: 429 rate limit, waiting 15s (exponential backoff)...
[14:24:25]   arXiv TCC-wafer-chiplet: <urlopen error [WinError 10060] 由于连接方在一段时间后没有正确答复或连接的主机没有反应，连接尝试失败。>, retry 2...
[14:24:36]   arXiv TCC-wafer-chiplet: 429 rate limit, waiting 60s (exponential backoff)...
[14:26:13]   arXiv TCC-reconfigurable: The read operation timed out, retry 1...
[14:26:39]   arXiv TCC-reconfigurable: <urlopen error [WinError 10060] 由于连接方在一段时间后没有正确答复或连接的主机没有反应，连接尝试失败。>, retry 2...
[15:38:17]   arXiv TCC-reconfigurable: Remote end closed connection without response, giving up
[15:38:53]   arXiv TCC-higher-order: The read operation timed out, retry 1...
[15:39:30]   arXiv TCC-higher-order: 429 rate limit, waiting 30s (exponential backoff)...
[15:40:34]   arXiv TCC-higher-order: 429 rate limit, waiting 60s (exponential backoff)...
[15:41:54]   arXiv TCC-sim-compile: 429 rate limit, waiting 15s (exponential backoff)...
[15:42:11]   arXiv TCC-sim-compile: 429 rate limit, waiting 30s (exponential backoff)...
[15:43:12]   arXiv TCC-sim-compile: The read operation timed out, giving up
[15:43:17]   arXiv: batch separator, pausing 10s...
[15:43:30]   arXiv TCC-topology-opt: 429 rate limit, waiting 15s (exponential backoff)...
[15:43:46]   arXiv TCC-topology-opt: 429 rate limit, waiting 30s (exponential backoff)...
[15:44:48]   arXiv TCC-topology-opt: The read operation timed out, giving up
[15:45:23]   arXiv TCC-qos: The read operation timed out, retry 1...
[15:46:00]   arXiv TCC-qos: The read operation timed out, retry 2...
[15:46:11]   arXiv TCC-qos: 429 rate limit, waiting 60s (exponential backoff)...
[15:47:19]   arXiv iNEST-selforg-critical: 429 rate limit, waiting 15s (exponential backoff)...
[15:47:36]   arXiv iNEST-selforg-critical: 429 rate limit, waiting 30s (exponential backoff)...
[15:48:08]   arXiv iNEST-selforg-critical: 429 rate limit, waiting 60s (exponential backoff)...
[15:49:43]   arXiv iNEST-nonlinear: The read operation timed out, retry 1...
[15:49:57]   arXiv iNEST-nonlinear: 429 rate limit, waiting 30s (exponential backoff)...
[15:50:58]   arXiv iNEST-nonlinear: The read operation timed out, giving up
[15:51:35]   arXiv iNEST-spatiotemporal: The read operation timed out, retry 1...
[15:51:46]   arXiv skip irrelevant: AutoLab: An Internet-Accessible Experimental Platform for Op
[15:51:51]   arXiv: batch separator, pausing 10s...
[15:52:17]   arXiv iNEST-snn: 429 rate limit, waiting 15s (exponential backoff)...
[15:52:58]   arXiv iNEST-snn: 429 rate limit, waiting 30s (exponential backoff)...
[15:53:34]   arXiv iNEST-snn: 429 rate limit, waiting 60s (exponential backoff)...
[15:55:10]   arXiv iNEST-emergence: The read operation timed out, retry 1...
[15:55:52]   arXiv iNEST-emergence: The read operation timed out, retry 2...
[15:56:18]   arXiv iNEST-emergence: 429 rate limit, waiting 60s (exponential backoff)...
[15:57:24]   arXiv iNEST-async: 429 rate limit, waiting 15s (exponential backoff)...
[15:58:00]   arXiv iNEST-async: 429 rate limit, waiting 30s (exponential backoff)...
[15:58:52]   arXiv skip irrelevant: Privacy-enhanced federated learning via asynchronous aggrega
[15:58:52]   arXiv skip irrelevant: Proportional-Fair Resource Allocation and Dual-Threshold Ear
[15:58:52]   arXiv skip irrelevant: Event-Native Symbolic-Temporal Spike Encoding Framework for 
[15:59:29]   arXiv iNEST-structure: The read operation timed out, retry 1...
[16:00:06]   arXiv iNEST-structure: The read operation timed out, retry 2...
[16:01:31]   arXiv iNEST-structure: 429 rate limit, waiting 60s (exponential backoff)...
[16:04:10]   arXiv iNEST-higher-order: The read operation timed out, retry 1...
[16:05:05]   arXiv iNEST-higher-order: 429 rate limit, waiting 30s (exponential backoff)...
[16:06:03]   arXiv iNEST-higher-order: 429 rate limit, waiting 60s (exponential backoff)...
[16:07:08]   arXiv: batch separator, pausing 10s...
