2026-09-18 00:16:51 | === research_evolve 每日运行开始 ===
2026-09-18 00:16:53 |   [research_evolve] === 第 4 轮开始 ===
2026-09-18 00:16:53 |   [research_evolve] 收集 假说注册表: 10 条
2026-09-18 00:16:53 |   [research_evolve] 收集 进化队列: 51 条
2026-09-18 00:16:53 |   [research_evolve] 收集 灵感卡片: 71 条
2026-09-18 00:16:53 |   [research_evolve] 收集 跨域桥: 7 条
2026-09-18 00:16:53 |   [research_evolve] 候选合计: 138 条（批内重复已并 1 条）
2026-09-18 00:16:53 |   [research_evolve] 登记: 新增 0 | 复现(仍开放) 78 | 已关闭不再复活 60
2026-09-18 00:16:53 |   [research_evolve] 评分: 78 条 open 候选已打分
2026-09-18 00:16:53 |   [research_evolve] 升级(久挂未裁决): 55 条
2026-09-18 00:16:53 |   [research_evolve] 门禁: 扫描 183 文件, 新增违规 9 项, 存量债 942 项, 本轮消除 0 项
2026-09-18 00:16:53 |   [research_evolve] 冻结守卫: 有新来源 15 篇，允许增量编译
2026-09-18 00:16:53 |   [research_evolve] 本轮四数: opened=0 closed=0 escalated=55 gate_new=9
2026-09-18 00:16:53 |   [research_evolve] 报告已写入 D:\Obsidian\vault\70_Dashboard\research_evolve.md
2026-09-18 00:16:53 |   [research_evolve] 已本地提交。同步状态: 本地独有 92 / 远端独有 721 / 共同祖先 无(历史已分叉)
2026-09-18 00:16:53 |   
2026-09-18 00:16:53 |   轮次 4 完成 | opened=0 closed=0 escalated=55 gate=9 open=78
2026-09-18 00:16:53 |   报告: D:\Obsidian\vault\70_Dashboard\research_evolve.md
2026-09-18 00:16:53 | research_evolve 退出码=0
2026-09-18 00:16:53 | 结果态: R4 opened=0 closed=0 escalated=55 gate_new=9 open_total=78 自膨胀连续=0
2026-09-18 00:16:53 | === research_evolve 每日运行结束 ===
2026-09-18 04:30:01 | === research_evolve 每日运行开始 ===
2026-09-18 04:30:51 |   [research_evolve] === 绗?6 杞紑濮?===
2026-09-18 04:30:51 |   [research_evolve] 鏀堕泦 鍋囪娉ㄥ唽琛? 10 鏉?
2026-09-18 04:30:51 |   [research_evolve] 鏀堕泦 杩涘寲闃熷垪: 51 鏉?
2026-09-18 04:30:51 |   [research_evolve] 鏀堕泦 鐏垫劅鍗＄墖: 71 鏉?
2026-09-18 04:30:51 |   [research_evolve] 鏀堕泦 璺ㄥ煙妗? 7 鏉?
2026-09-18 04:30:51 |   [research_evolve] 鍊欓€夊悎璁? 138 鏉★紙鎵瑰唴閲嶅宸插苟 1 鏉★級
2026-09-18 04:30:51 |   [research_evolve] 鐧昏: 鏂板 0 | 澶嶇幇(浠嶅紑鏀? 78 | 宸插叧闂笉鍐嶅娲?60
2026-09-18 04:30:51 |   [research_evolve] 璇勫垎: 78 鏉?open 鍊欓€夊凡鎵撳垎
2026-09-18 04:30:51 |   [research_evolve] 鍗囩骇(涔呮寕鏈鍐?: 55 鏉?
2026-09-18 04:30:51 |   [research_evolve] 闂ㄧ: 鎵弿 190 鏂囦欢, 鏂板杩濊 14 椤? 瀛橀噺鍊?946 椤? 鏈疆娑堥櫎 1 椤?
2026-09-18 04:30:51 |   [research_evolve] 鍐荤粨瀹堝崼: 鏈夋柊鏉ユ簮 15 绡囷紝鍏佽澧為噺缂栬瘧
2026-09-18 04:30:51 |   [research_evolve] 鏈疆鍥涙暟: opened=0 closed=0 escalated=55 gate_new=14
2026-09-18 04:30:51 |   [research_evolve] 鎶ュ憡宸插啓鍏?D:\Obsidian\vault\70_Dashboard\research_evolve.md
2026-09-18 04:30:51 |   [research_evolve] 宸叉湰鍦版彁浜ゃ€傚悓姝ョ姸鎬? 鏈湴鐙湁 94 / 杩滅鐙湁 721 / 鍏卞悓绁栧厛 鏃?鍘嗗彶宸插垎鍙?
2026-09-18 04:30:51 |   
2026-09-18 04:30:51 |   杞 6 瀹屾垚 | opened=0 closed=0 escalated=55 gate=14 open=78
2026-09-18 04:30:51 |   鎶ュ憡: D:\Obsidian\vault\70_Dashboard\research_evolve.md
2026-09-18 04:30:51 | research_evolve 退出码=0
2026-09-18 04:30:51 | 结果态: R6 opened=0 closed=0 escalated=55 gate_new=14 open_total=78 自膨胀连续=0
2026-09-18 04:30:51 | === research_evolve 每日运行结束 ===
